Archive member included because of file (symbol)

c:/dev/gnu tools arm embedded/4.8 2014q3/bin/../lib/gcc/arm-none-eabi/4.8.4/armv6-m\libgcc.a(_udivsi3.o)
                              ./system/src/stm32f0-stdperiph/stm32f0xx_rcc.o (__aeabi_uidiv)
c:/dev/gnu tools arm embedded/4.8 2014q3/bin/../lib/gcc/arm-none-eabi/4.8.4/armv6-m\libgcc.a(_dvmd_tls.o)
                              c:/dev/gnu tools arm embedded/4.8 2014q3/bin/../lib/gcc/arm-none-eabi/4.8.4/armv6-m\libgcc.a(_udivsi3.o) (__aeabi_idiv0)
c:/dev/gnu tools arm embedded/4.8 2014q3/bin/../lib/gcc/arm-none-eabi/4.8.4/../../../../arm-none-eabi/lib/armv6-m\libg_s.a(lib_a-errno.o)
                              ./system/src/newlib/_sbrk.o (__errno)
c:/dev/gnu tools arm embedded/4.8 2014q3/bin/../lib/gcc/arm-none-eabi/4.8.4/../../../../arm-none-eabi/lib/armv6-m\libg_s.a(lib_a-impure.o)
                              c:/dev/gnu tools arm embedded/4.8 2014q3/bin/../lib/gcc/arm-none-eabi/4.8.4/../../../../arm-none-eabi/lib/armv6-m\libg_s.a(lib_a-errno.o) (_impure_ptr)

Allocating common symbols
Common symbol       size              file

errno               0x4               ./system/src/newlib/_syscalls.o

Discarded input sections

 .group         0x00000000        0x8 ./system/src/stm32f0-stdperiph/stm32f0xx_gpio.o
 .group         0x00000000        0x8 ./system/src/stm32f0-stdperiph/stm32f0xx_gpio.o
 .group         0x00000000        0x8 ./system/src/stm32f0-stdperiph/stm32f0xx_gpio.o
 .group         0x00000000        0x8 ./system/src/stm32f0-stdperiph/stm32f0xx_gpio.o
 .group         0x00000000        0x8 ./system/src/stm32f0-stdperiph/stm32f0xx_gpio.o
 .group         0x00000000        0x8 ./system/src/stm32f0-stdperiph/stm32f0xx_gpio.o
 .group         0x00000000        0x8 ./system/src/stm32f0-stdperiph/stm32f0xx_gpio.o
 .group         0x00000000        0x8 ./system/src/stm32f0-stdperiph/stm32f0xx_gpio.o
 .group         0x00000000        0x8 ./system/src/stm32f0-stdperiph/stm32f0xx_gpio.o
 .group         0x00000000        0x8 ./system/src/stm32f0-stdperiph/stm32f0xx_gpio.o
 .group         0x00000000        0x8 ./system/src/stm32f0-stdperiph/stm32f0xx_gpio.o
 .group         0x00000000        0x8 ./system/src/stm32f0-stdperiph/stm32f0xx_gpio.o
 .group         0x00000000        0x8 ./system/src/stm32f0-stdperiph/stm32f0xx_gpio.o
 .group         0x00000000        0x8 ./system/src/stm32f0-stdperiph/stm32f0xx_gpio.o
 .group         0x00000000        0x8 ./system/src/stm32f0-stdperiph/stm32f0xx_gpio.o
 .group         0x00000000        0x8 ./system/src/stm32f0-stdperiph/stm32f0xx_gpio.o
 .group         0x00000000        0x8 ./system/src/stm32f0-stdperiph/stm32f0xx_gpio.o
 .group         0x00000000        0x8 ./system/src/stm32f0-stdperiph/stm32f0xx_gpio.o
 .group         0x00000000        0x8 ./system/src/stm32f0-stdperiph/stm32f0xx_gpio.o
 .group         0x00000000        0x8 ./system/src/stm32f0-stdperiph/stm32f0xx_gpio.o
 .group         0x00000000        0x8 ./system/src/stm32f0-stdperiph/stm32f0xx_gpio.o
 .group         0x00000000        0x8 ./system/src/stm32f0-stdperiph/stm32f0xx_gpio.o
 .group         0x00000000        0x8 ./system/src/stm32f0-stdperiph/stm32f0xx_gpio.o
 .group         0x00000000        0x8 ./system/src/stm32f0-stdperiph/stm32f0xx_gpio.o
 .group         0x00000000        0x8 ./system/src/stm32f0-stdperiph/stm32f0xx_gpio.o
 .group         0x00000000        0x8 ./system/src/stm32f0-stdperiph/stm32f0xx_gpio.o
 .group         0x00000000        0x8 ./system/src/stm32f0-stdperiph/stm32f0xx_gpio.o
 .group         0x00000000        0x8 ./system/src/stm32f0-stdperiph/stm32f0xx_gpio.o
 .group         0x00000000        0x8 ./system/src/stm32f0-stdperiph/stm32f0xx_gpio.o
 .group         0x00000000        0x8 ./system/src/stm32f0-stdperiph/stm32f0xx_gpio.o
 .group         0x00000000        0x8 ./system/src/stm32f0-stdperiph/stm32f0xx_gpio.o
 .group         0x00000000        0x8 ./system/src/stm32f0-stdperiph/stm32f0xx_gpio.o
 .text          0x00000000        0x0 ./system/src/stm32f0-stdperiph/stm32f0xx_gpio.o
 .data          0x00000000        0x0 ./system/src/stm32f0-stdperiph/stm32f0xx_gpio.o
 .bss           0x00000000        0x0 ./system/src/stm32f0-stdperiph/stm32f0xx_gpio.o
 .text.GPIO_DeInit
                0x00000000       0xf4 ./system/src/stm32f0-stdperiph/stm32f0xx_gpio.o
 .text.GPIO_Init
                0x00000000      0x11c ./system/src/stm32f0-stdperiph/stm32f0xx_gpio.o
 .text.GPIO_StructInit
                0x00000000       0x18 ./system/src/stm32f0-stdperiph/stm32f0xx_gpio.o
 .text.GPIO_PinLockConfig
                0x00000000       0x58 ./system/src/stm32f0-stdperiph/stm32f0xx_gpio.o
 .text.GPIO_ReadInputDataBit
                0x00000000       0xc8 ./system/src/stm32f0-stdperiph/stm32f0xx_gpio.o
 .text.GPIO_ReadInputData
                0x00000000       0x54 ./system/src/stm32f0-stdperiph/stm32f0xx_gpio.o
 .text.GPIO_ReadOutputDataBit
                0x00000000       0xc8 ./system/src/stm32f0-stdperiph/stm32f0xx_gpio.o
 .text.GPIO_ReadOutputData
                0x00000000       0x54 ./system/src/stm32f0-stdperiph/stm32f0xx_gpio.o
 .text.GPIO_SetBits
                0x00000000       0x60 ./system/src/stm32f0-stdperiph/stm32f0xx_gpio.o
 .text.GPIO_ResetBits
                0x00000000       0x60 ./system/src/stm32f0-stdperiph/stm32f0xx_gpio.o
 .text.GPIO_WriteBit
                0x00000000       0xd4 ./system/src/stm32f0-stdperiph/stm32f0xx_gpio.o
 .text.GPIO_Write
                0x00000000       0x54 ./system/src/stm32f0-stdperiph/stm32f0xx_gpio.o
 .text.GPIO_PinAFConfig
                0x00000000       0x94 ./system/src/stm32f0-stdperiph/stm32f0xx_gpio.o
 .rodata.str1.4
                0x00000000       0x34 ./system/src/stm32f0-stdperiph/stm32f0xx_gpio.o
 .debug_info    0x00000000      0xa38 ./system/src/stm32f0-stdperiph/stm32f0xx_gpio.o
 .debug_abbrev  0x00000000      0x1db ./system/src/stm32f0-stdperiph/stm32f0xx_gpio.o
 .debug_loc     0x00000000      0x4e1 ./system/src/stm32f0-stdperiph/stm32f0xx_gpio.o
 .debug_aranges
                0x00000000       0x80 ./system/src/stm32f0-stdperiph/stm32f0xx_gpio.o
 .debug_ranges  0x00000000       0x70 ./system/src/stm32f0-stdperiph/stm32f0xx_gpio.o
 .debug_macro   0x00000000      0x174 ./system/src/stm32f0-stdperiph/stm32f0xx_gpio.o
 .debug_macro   0x00000000      0x826 ./system/src/stm32f0-stdperiph/stm32f0xx_gpio.o
 .debug_macro   0x00000000       0x7a ./system/src/stm32f0-stdperiph/stm32f0xx_gpio.o
 .debug_macro   0x00000000       0x3a ./system/src/stm32f0-stdperiph/stm32f0xx_gpio.o
 .debug_macro   0x00000000       0x16 ./system/src/stm32f0-stdperiph/stm32f0xx_gpio.o
 .debug_macro   0x00000000       0x44 ./system/src/stm32f0-stdperiph/stm32f0xx_gpio.o
 .debug_macro   0x00000000      0x209 ./system/src/stm32f0-stdperiph/stm32f0xx_gpio.o
 .debug_macro   0x00000000       0x1f ./system/src/stm32f0-stdperiph/stm32f0xx_gpio.o
 .debug_macro   0x00000000      0x242 ./system/src/stm32f0-stdperiph/stm32f0xx_gpio.o
 .debug_macro   0x00000000     0x5b9e ./system/src/stm32f0-stdperiph/stm32f0xx_gpio.o
 .debug_macro   0x00000000      0x2ec ./system/src/stm32f0-stdperiph/stm32f0xx_gpio.o
 .debug_macro   0x00000000      0x3cf ./system/src/stm32f0-stdperiph/stm32f0xx_gpio.o
 .debug_macro   0x00000000      0x191 ./system/src/stm32f0-stdperiph/stm32f0xx_gpio.o
 .debug_macro   0x00000000       0x46 ./system/src/stm32f0-stdperiph/stm32f0xx_gpio.o
 .debug_macro   0x00000000       0xd9 ./system/src/stm32f0-stdperiph/stm32f0xx_gpio.o
 .debug_macro   0x00000000       0xef ./system/src/stm32f0-stdperiph/stm32f0xx_gpio.o
 .debug_macro   0x00000000      0x184 ./system/src/stm32f0-stdperiph/stm32f0xx_gpio.o
 .debug_macro   0x00000000       0x7c ./system/src/stm32f0-stdperiph/stm32f0xx_gpio.o
 .debug_macro   0x00000000      0x295 ./system/src/stm32f0-stdperiph/stm32f0xx_gpio.o
 .debug_macro   0x00000000       0xd7 ./system/src/stm32f0-stdperiph/stm32f0xx_gpio.o
 .debug_macro   0x00000000      0x23d ./system/src/stm32f0-stdperiph/stm32f0xx_gpio.o
 .debug_macro   0x00000000      0x184 ./system/src/stm32f0-stdperiph/stm32f0xx_gpio.o
 .debug_macro   0x00000000      0x2a0 ./system/src/stm32f0-stdperiph/stm32f0xx_gpio.o
 .debug_macro   0x00000000       0x70 ./system/src/stm32f0-stdperiph/stm32f0xx_gpio.o
 .debug_macro   0x00000000       0xdf ./system/src/stm32f0-stdperiph/stm32f0xx_gpio.o
 .debug_macro   0x00000000      0x4e3 ./system/src/stm32f0-stdperiph/stm32f0xx_gpio.o
 .debug_macro   0x00000000      0x4c5 ./system/src/stm32f0-stdperiph/stm32f0xx_gpio.o
 .debug_macro   0x00000000      0x397 ./system/src/stm32f0-stdperiph/stm32f0xx_gpio.o
 .debug_macro   0x00000000      0x750 ./system/src/stm32f0-stdperiph/stm32f0xx_gpio.o
 .debug_macro   0x00000000      0x353 ./system/src/stm32f0-stdperiph/stm32f0xx_gpio.o
 .debug_macro   0x00000000       0x34 ./system/src/stm32f0-stdperiph/stm32f0xx_gpio.o
 .debug_macro   0x00000000       0x3a ./system/src/stm32f0-stdperiph/stm32f0xx_gpio.o
 .debug_macro   0x00000000      0x17f ./system/src/stm32f0-stdperiph/stm32f0xx_gpio.o
 .debug_line    0x00000000      0x62a ./system/src/stm32f0-stdperiph/stm32f0xx_gpio.o
 .debug_str     0x00000000    0x3f056 ./system/src/stm32f0-stdperiph/stm32f0xx_gpio.o
 .comment       0x00000000       0x71 ./system/src/stm32f0-stdperiph/stm32f0xx_gpio.o
 .ARM.attributes
                0x00000000       0x31 ./system/src/stm32f0-stdperiph/stm32f0xx_gpio.o
 .debug_frame   0x00000000      0x168 ./system/src/stm32f0-stdperiph/stm32f0xx_gpio.o
 .group         0x00000000        0x8 ./system/src/stm32f0-stdperiph/stm32f0xx_rcc.o
 .group         0x00000000        0x8 ./system/src/stm32f0-stdperiph/stm32f0xx_rcc.o
 .group         0x00000000        0x8 ./system/src/stm32f0-stdperiph/stm32f0xx_rcc.o
 .group         0x00000000        0x8 ./system/src/stm32f0-stdperiph/stm32f0xx_rcc.o
 .group         0x00000000        0x8 ./system/src/stm32f0-stdperiph/stm32f0xx_rcc.o
 .group         0x00000000        0x8 ./system/src/stm32f0-stdperiph/stm32f0xx_rcc.o
 .group         0x00000000        0x8 ./system/src/stm32f0-stdperiph/stm32f0xx_rcc.o
 .group         0x00000000        0x8 ./system/src/stm32f0-stdperiph/stm32f0xx_rcc.o
 .group         0x00000000        0x8 ./system/src/stm32f0-stdperiph/stm32f0xx_rcc.o
 .group         0x00000000        0x8 ./system/src/stm32f0-stdperiph/stm32f0xx_rcc.o
 .group         0x00000000        0x8 ./system/src/stm32f0-stdperiph/stm32f0xx_rcc.o
 .group         0x00000000        0x8 ./system/src/stm32f0-stdperiph/stm32f0xx_rcc.o
 .group         0x00000000        0x8 ./system/src/stm32f0-stdperiph/stm32f0xx_rcc.o
 .group         0x00000000        0x8 ./system/src/stm32f0-stdperiph/stm32f0xx_rcc.o
 .group         0x00000000        0x8 ./system/src/stm32f0-stdperiph/stm32f0xx_rcc.o
 .group         0x00000000        0x8 ./system/src/stm32f0-stdperiph/stm32f0xx_rcc.o
 .group         0x00000000        0x8 ./system/src/stm32f0-stdperiph/stm32f0xx_rcc.o
 .group         0x00000000        0x8 ./system/src/stm32f0-stdperiph/stm32f0xx_rcc.o
 .group         0x00000000        0x8 ./system/src/stm32f0-stdperiph/stm32f0xx_rcc.o
 .group         0x00000000        0x8 ./system/src/stm32f0-stdperiph/stm32f0xx_rcc.o
 .group         0x00000000        0x8 ./system/src/stm32f0-stdperiph/stm32f0xx_rcc.o
 .group         0x00000000        0x8 ./system/src/stm32f0-stdperiph/stm32f0xx_rcc.o
 .group         0x00000000        0x8 ./system/src/stm32f0-stdperiph/stm32f0xx_rcc.o
 .group         0x00000000        0x8 ./system/src/stm32f0-stdperiph/stm32f0xx_rcc.o
 .group         0x00000000        0x8 ./system/src/stm32f0-stdperiph/stm32f0xx_rcc.o
 .group         0x00000000        0x8 ./system/src/stm32f0-stdperiph/stm32f0xx_rcc.o
 .group         0x00000000        0x8 ./system/src/stm32f0-stdperiph/stm32f0xx_rcc.o
 .group         0x00000000        0x8 ./system/src/stm32f0-stdperiph/stm32f0xx_rcc.o
 .group         0x00000000        0x8 ./system/src/stm32f0-stdperiph/stm32f0xx_rcc.o
 .group         0x00000000        0x8 ./system/src/stm32f0-stdperiph/stm32f0xx_rcc.o
 .group         0x00000000        0x8 ./system/src/stm32f0-stdperiph/stm32f0xx_rcc.o
 .group         0x00000000        0x8 ./system/src/stm32f0-stdperiph/stm32f0xx_rcc.o
 .text          0x00000000        0x0 ./system/src/stm32f0-stdperiph/stm32f0xx_rcc.o
 .data          0x00000000        0x0 ./system/src/stm32f0-stdperiph/stm32f0xx_rcc.o
 .bss           0x00000000        0x0 ./system/src/stm32f0-stdperiph/stm32f0xx_rcc.o
 .text.RCC_DeInit
                0x00000000       0x60 ./system/src/stm32f0-stdperiph/stm32f0xx_rcc.o
 .text.RCC_HSEConfig
                0x00000000       0x28 ./system/src/stm32f0-stdperiph/stm32f0xx_rcc.o
 .text.RCC_AdjustHSICalibrationValue
                0x00000000       0x2c ./system/src/stm32f0-stdperiph/stm32f0xx_rcc.o
 .text.RCC_HSICmd
                0x00000000       0x38 ./system/src/stm32f0-stdperiph/stm32f0xx_rcc.o
 .text.RCC_AdjustHSI14CalibrationValue
                0x00000000       0x2c ./system/src/stm32f0-stdperiph/stm32f0xx_rcc.o
 .text.RCC_HSI14Cmd
                0x00000000       0x38 ./system/src/stm32f0-stdperiph/stm32f0xx_rcc.o
 .text.RCC_HSI14ADCRequestCmd
                0x00000000       0x38 ./system/src/stm32f0-stdperiph/stm32f0xx_rcc.o
 .text.RCC_LSEConfig
                0x00000000       0x38 ./system/src/stm32f0-stdperiph/stm32f0xx_rcc.o
 .text.RCC_LSEDriveConfig
                0x00000000       0x38 ./system/src/stm32f0-stdperiph/stm32f0xx_rcc.o
 .text.RCC_LSICmd
                0x00000000       0x38 ./system/src/stm32f0-stdperiph/stm32f0xx_rcc.o
 .text.RCC_PLLConfig
                0x00000000       0xcc ./system/src/stm32f0-stdperiph/stm32f0xx_rcc.o
 .text.RCC_PLLCmd
                0x00000000       0x40 ./system/src/stm32f0-stdperiph/stm32f0xx_rcc.o
 .text.RCC_HSI48Cmd
                0x00000000       0x40 ./system/src/stm32f0-stdperiph/stm32f0xx_rcc.o
 .text.RCC_PREDIV1Config
                0x00000000       0x2c ./system/src/stm32f0-stdperiph/stm32f0xx_rcc.o
 .text.RCC_ClockSecuritySystemCmd
                0x00000000       0x40 ./system/src/stm32f0-stdperiph/stm32f0xx_rcc.o
 .text.RCC_MCOConfig
                0x00000000       0x44 ./system/src/stm32f0-stdperiph/stm32f0xx_rcc.o
 .text.RCC_SYSCLKConfig
                0x00000000       0x34 ./system/src/stm32f0-stdperiph/stm32f0xx_rcc.o
 .text.RCC_GetSYSCLKSource
                0x00000000       0x10 ./system/src/stm32f0-stdperiph/stm32f0xx_rcc.o
 .text.RCC_HCLKConfig
                0x00000000       0x48 ./system/src/stm32f0-stdperiph/stm32f0xx_rcc.o
 .text.RCC_PCLKConfig
                0x00000000       0x4c ./system/src/stm32f0-stdperiph/stm32f0xx_rcc.o
 .text.RCC_ADCCLKConfig
                0x00000000       0x5c ./system/src/stm32f0-stdperiph/stm32f0xx_rcc.o
 .text.RCC_CECCLKConfig
                0x00000000       0x30 ./system/src/stm32f0-stdperiph/stm32f0xx_rcc.o
 .text.RCC_I2CCLKConfig
                0x00000000       0x30 ./system/src/stm32f0-stdperiph/stm32f0xx_rcc.o
 .text.RCC_USARTCLKConfig
                0x00000000       0x70 ./system/src/stm32f0-stdperiph/stm32f0xx_rcc.o
 .text.RCC_USBCLKConfig
                0x00000000       0x30 ./system/src/stm32f0-stdperiph/stm32f0xx_rcc.o
 .text.RCC_GetClocksFreq
                0x00000000      0x19c ./system/src/stm32f0-stdperiph/stm32f0xx_rcc.o
 .text.RCC_RTCCLKConfig
                0x00000000       0x3c ./system/src/stm32f0-stdperiph/stm32f0xx_rcc.o
 .text.RCC_RTCCLKCmd
                0x00000000       0x40 ./system/src/stm32f0-stdperiph/stm32f0xx_rcc.o
 .text.RCC_BackupResetCmd
                0x00000000       0x40 ./system/src/stm32f0-stdperiph/stm32f0xx_rcc.o
 .text.RCC_AHBPeriphClockCmd
                0x00000000       0x50 ./system/src/stm32f0-stdperiph/stm32f0xx_rcc.o
 .text.RCC_APB2PeriphClockCmd
                0x00000000       0x50 ./system/src/stm32f0-stdperiph/stm32f0xx_rcc.o
 .text.RCC_APB1PeriphClockCmd
                0x00000000       0x50 ./system/src/stm32f0-stdperiph/stm32f0xx_rcc.o
 .text.RCC_AHBPeriphResetCmd
                0x00000000       0x50 ./system/src/stm32f0-stdperiph/stm32f0xx_rcc.o
 .text.RCC_APB2PeriphResetCmd
                0x00000000       0x50 ./system/src/stm32f0-stdperiph/stm32f0xx_rcc.o
 .text.RCC_APB1PeriphResetCmd
                0x00000000       0x50 ./system/src/stm32f0-stdperiph/stm32f0xx_rcc.o
 .text.RCC_ITConfig
                0x00000000       0x48 ./system/src/stm32f0-stdperiph/stm32f0xx_rcc.o
 .text.RCC_GetFlagStatus
                0x00000000       0x88 ./system/src/stm32f0-stdperiph/stm32f0xx_rcc.o
 .text.RCC_WaitForHSEStartUp
                0x00000000       0x38 ./system/src/stm32f0-stdperiph/stm32f0xx_rcc.o
 .text.RCC_ClearFlag
                0x00000000       0x14 ./system/src/stm32f0-stdperiph/stm32f0xx_rcc.o
 .text.RCC_GetITStatus
                0x00000000       0x48 ./system/src/stm32f0-stdperiph/stm32f0xx_rcc.o
 .text.RCC_ClearITPendingBit
                0x00000000       0x20 ./system/src/stm32f0-stdperiph/stm32f0xx_rcc.o
 .rodata.str1.4
                0x00000000       0x30 ./system/src/stm32f0-stdperiph/stm32f0xx_rcc.o
 .data.APBAHBPrescTable
                0x00000000       0x10 ./system/src/stm32f0-stdperiph/stm32f0xx_rcc.o
 .debug_info    0x00000000      0xf39 ./system/src/stm32f0-stdperiph/stm32f0xx_rcc.o
 .debug_abbrev  0x00000000      0x23e ./system/src/stm32f0-stdperiph/stm32f0xx_rcc.o
 .debug_loc     0x00000000      0xc3f ./system/src/stm32f0-stdperiph/stm32f0xx_rcc.o
 .debug_aranges
                0x00000000      0x160 ./system/src/stm32f0-stdperiph/stm32f0xx_rcc.o
 .debug_ranges  0x00000000      0x150 ./system/src/stm32f0-stdperiph/stm32f0xx_rcc.o
 .debug_macro   0x00000000      0x192 ./system/src/stm32f0-stdperiph/stm32f0xx_rcc.o
 .debug_macro   0x00000000      0x826 ./system/src/stm32f0-stdperiph/stm32f0xx_rcc.o
 .debug_macro   0x00000000       0x7a ./system/src/stm32f0-stdperiph/stm32f0xx_rcc.o
 .debug_macro   0x00000000       0x3a ./system/src/stm32f0-stdperiph/stm32f0xx_rcc.o
 .debug_macro   0x00000000       0x16 ./system/src/stm32f0-stdperiph/stm32f0xx_rcc.o
 .debug_macro   0x00000000       0x44 ./system/src/stm32f0-stdperiph/stm32f0xx_rcc.o
 .debug_macro   0x00000000      0x209 ./system/src/stm32f0-stdperiph/stm32f0xx_rcc.o
 .debug_macro   0x00000000       0x1f ./system/src/stm32f0-stdperiph/stm32f0xx_rcc.o
 .debug_macro   0x00000000      0x242 ./system/src/stm32f0-stdperiph/stm32f0xx_rcc.o
 .debug_macro   0x00000000     0x5b9e ./system/src/stm32f0-stdperiph/stm32f0xx_rcc.o
 .debug_macro   0x00000000      0x2ec ./system/src/stm32f0-stdperiph/stm32f0xx_rcc.o
 .debug_macro   0x00000000      0x3cf ./system/src/stm32f0-stdperiph/stm32f0xx_rcc.o
 .debug_macro   0x00000000      0x191 ./system/src/stm32f0-stdperiph/stm32f0xx_rcc.o
 .debug_macro   0x00000000       0x46 ./system/src/stm32f0-stdperiph/stm32f0xx_rcc.o
 .debug_macro   0x00000000       0xd9 ./system/src/stm32f0-stdperiph/stm32f0xx_rcc.o
 .debug_macro   0x00000000       0xef ./system/src/stm32f0-stdperiph/stm32f0xx_rcc.o
 .debug_macro   0x00000000      0x184 ./system/src/stm32f0-stdperiph/stm32f0xx_rcc.o
 .debug_macro   0x00000000       0x7c ./system/src/stm32f0-stdperiph/stm32f0xx_rcc.o
 .debug_macro   0x00000000      0x295 ./system/src/stm32f0-stdperiph/stm32f0xx_rcc.o
 .debug_macro   0x00000000       0xd7 ./system/src/stm32f0-stdperiph/stm32f0xx_rcc.o
 .debug_macro   0x00000000      0x23d ./system/src/stm32f0-stdperiph/stm32f0xx_rcc.o
 .debug_macro   0x00000000      0x185 ./system/src/stm32f0-stdperiph/stm32f0xx_rcc.o
 .debug_macro   0x00000000      0x184 ./system/src/stm32f0-stdperiph/stm32f0xx_rcc.o
 .debug_macro   0x00000000      0x2a0 ./system/src/stm32f0-stdperiph/stm32f0xx_rcc.o
 .debug_macro   0x00000000       0x70 ./system/src/stm32f0-stdperiph/stm32f0xx_rcc.o
 .debug_macro   0x00000000       0xdf ./system/src/stm32f0-stdperiph/stm32f0xx_rcc.o
 .debug_macro   0x00000000      0x4c5 ./system/src/stm32f0-stdperiph/stm32f0xx_rcc.o
 .debug_macro   0x00000000      0x397 ./system/src/stm32f0-stdperiph/stm32f0xx_rcc.o
 .debug_macro   0x00000000      0x750 ./system/src/stm32f0-stdperiph/stm32f0xx_rcc.o
 .debug_macro   0x00000000      0x353 ./system/src/stm32f0-stdperiph/stm32f0xx_rcc.o
 .debug_macro   0x00000000       0x34 ./system/src/stm32f0-stdperiph/stm32f0xx_rcc.o
 .debug_macro   0x00000000       0x3a ./system/src/stm32f0-stdperiph/stm32f0xx_rcc.o
 .debug_macro   0x00000000      0x4dd ./system/src/stm32f0-stdperiph/stm32f0xx_rcc.o
 .debug_line    0x00000000      0x934 ./system/src/stm32f0-stdperiph/stm32f0xx_rcc.o
 .debug_str     0x00000000    0x3f3dc ./system/src/stm32f0-stdperiph/stm32f0xx_rcc.o
 .comment       0x00000000       0x71 ./system/src/stm32f0-stdperiph/stm32f0xx_rcc.o
 .ARM.attributes
                0x00000000       0x31 ./system/src/stm32f0-stdperiph/stm32f0xx_rcc.o
 .debug_frame   0x00000000      0x3f8 ./system/src/stm32f0-stdperiph/stm32f0xx_rcc.o
 .group         0x00000000        0x8 ./system/src/newlib/_cxx.o
 .group         0x00000000        0x8 ./system/src/newlib/_cxx.o
 .group         0x00000000        0x8 ./system/src/newlib/_cxx.o
 .group         0x00000000        0x8 ./system/src/newlib/_cxx.o
 .group         0x00000000        0x8 ./system/src/newlib/_cxx.o
 .group         0x00000000        0x8 ./system/src/newlib/_cxx.o
 .group         0x00000000        0x8 ./system/src/newlib/_cxx.o
 .group         0x00000000        0x8 ./system/src/newlib/_cxx.o
 .group         0x00000000        0x8 ./system/src/newlib/_cxx.o
 .group         0x00000000        0x8 ./system/src/newlib/_cxx.o
 .group         0x00000000        0x8 ./system/src/newlib/_cxx.o
 .group         0x00000000        0x8 ./system/src/newlib/_cxx.o
 .group         0x00000000        0x8 ./system/src/newlib/_cxx.o
 .group         0x00000000        0x8 ./system/src/newlib/_cxx.o
 .group         0x00000000        0x8 ./system/src/newlib/_cxx.o
 .group         0x00000000        0x8 ./system/src/newlib/_cxx.o
 .group         0x00000000        0x8 ./system/src/newlib/_cxx.o
 .group         0x00000000        0x8 ./system/src/newlib/_cxx.o
 .group         0x00000000        0x8 ./system/src/newlib/_cxx.o
 .group         0x00000000        0x8 ./system/src/newlib/_cxx.o
 .group         0x00000000        0x8 ./system/src/newlib/_cxx.o
 .group         0x00000000        0x8 ./system/src/newlib/_cxx.o
 .group         0x00000000        0x8 ./system/src/newlib/_cxx.o
 .group         0x00000000        0x8 ./system/src/newlib/_cxx.o
 .text          0x00000000        0x0 ./system/src/newlib/_cxx.o
 .data          0x00000000        0x0 ./system/src/newlib/_cxx.o
 .bss           0x00000000        0x0 ./system/src/newlib/_cxx.o
 .text._ZN9__gnu_cxx27__verbose_terminate_handlerEv
                0x00000000        0x8 ./system/src/newlib/_cxx.o
 .text.__cxa_pure_virtual
                0x00000000        0x8 ./system/src/newlib/_cxx.o
 .debug_info    0x00000000      0x4ca ./system/src/newlib/_cxx.o
 .debug_abbrev  0x00000000      0x1a7 ./system/src/newlib/_cxx.o
 .debug_aranges
                0x00000000       0x28 ./system/src/newlib/_cxx.o
 .debug_ranges  0x00000000       0x18 ./system/src/newlib/_cxx.o
 .debug_macro   0x00000000      0x148 ./system/src/newlib/_cxx.o
 .debug_macro   0x00000000      0x838 ./system/src/newlib/_cxx.o
 .debug_macro   0x00000000       0xef ./system/src/newlib/_cxx.o
 .debug_macro   0x00000000      0x322 ./system/src/newlib/_cxx.o
 .debug_macro   0x00000000       0x58 ./system/src/newlib/_cxx.o
 .debug_macro   0x00000000       0x16 ./system/src/newlib/_cxx.o
 .debug_macro   0x00000000       0x35 ./system/src/newlib/_cxx.o
 .debug_macro   0x00000000       0xa3 ./system/src/newlib/_cxx.o
 .debug_macro   0x00000000       0x16 ./system/src/newlib/_cxx.o
 .debug_macro   0x00000000      0x10e ./system/src/newlib/_cxx.o
 .debug_macro   0x00000000       0x8d ./system/src/newlib/_cxx.o
 .debug_macro   0x00000000       0x4a ./system/src/newlib/_cxx.o
 .debug_macro   0x00000000       0x52 ./system/src/newlib/_cxx.o
 .debug_macro   0x00000000       0x16 ./system/src/newlib/_cxx.o
 .debug_macro   0x00000000       0x43 ./system/src/newlib/_cxx.o
 .debug_macro   0x00000000      0x180 ./system/src/newlib/_cxx.o
 .debug_macro   0x00000000       0x16 ./system/src/newlib/_cxx.o
 .debug_macro   0x00000000       0x29 ./system/src/newlib/_cxx.o
 .debug_macro   0x00000000       0xac ./system/src/newlib/_cxx.o
 .debug_macro   0x00000000       0x10 ./system/src/newlib/_cxx.o
 .debug_macro   0x00000000       0x22 ./system/src/newlib/_cxx.o
 .debug_macro   0x00000000       0xbd ./system/src/newlib/_cxx.o
 .debug_macro   0x00000000       0x16 ./system/src/newlib/_cxx.o
 .debug_macro   0x00000000       0x35 ./system/src/newlib/_cxx.o
 .debug_macro   0x00000000      0x48e ./system/src/newlib/_cxx.o
 .debug_line    0x00000000      0x368 ./system/src/newlib/_cxx.o
 .debug_str     0x00000000     0x6004 ./system/src/newlib/_cxx.o
 .comment       0x00000000       0x71 ./system/src/newlib/_cxx.o
 .ARM.attributes
                0x00000000       0x31 ./system/src/newlib/_cxx.o
 .debug_frame   0x00000000       0x40 ./system/src/newlib/_cxx.o
 .group         0x00000000        0x8 ./system/src/newlib/_exit.o
 .group         0x00000000        0x8 ./system/src/newlib/_exit.o
 .group         0x00000000        0x8 ./system/src/newlib/_exit.o
 .group         0x00000000        0x8 ./system/src/newlib/_exit.o
 .group         0x00000000        0x8 ./system/src/newlib/_exit.o
 .group         0x00000000        0x8 ./system/src/newlib/_exit.o
 .group         0x00000000        0x8 ./system/src/newlib/_exit.o
 .group         0x00000000        0x8 ./system/src/newlib/_exit.o
 .group         0x00000000        0x8 ./system/src/newlib/_exit.o
 .group         0x00000000        0x8 ./system/src/newlib/_exit.o
 .group         0x00000000        0x8 ./system/src/newlib/_exit.o
 .group         0x00000000        0x8 ./system/src/newlib/_exit.o
 .group         0x00000000        0x8 ./system/src/newlib/_exit.o
 .group         0x00000000        0x8 ./system/src/newlib/_exit.o
 .group         0x00000000        0x8 ./system/src/newlib/_exit.o
 .group         0x00000000        0x8 ./system/src/newlib/_exit.o
 .group         0x00000000        0x8 ./system/src/newlib/_exit.o
 .group         0x00000000        0x8 ./system/src/newlib/_exit.o
 .group         0x00000000        0x8 ./system/src/newlib/_exit.o
 .group         0x00000000        0x8 ./system/src/newlib/_exit.o
 .group         0x00000000        0x8 ./system/src/newlib/_exit.o
 .text          0x00000000        0x0 ./system/src/newlib/_exit.o
 .data          0x00000000        0x0 ./system/src/newlib/_exit.o
 .bss           0x00000000        0x0 ./system/src/newlib/_exit.o
 .text.abort    0x00000000        0x8 ./system/src/newlib/_exit.o
 .debug_macro   0x00000000      0x826 ./system/src/newlib/_exit.o
 .debug_macro   0x00000000       0x58 ./system/src/newlib/_exit.o
 .debug_macro   0x00000000       0x16 ./system/src/newlib/_exit.o
 .debug_macro   0x00000000       0x35 ./system/src/newlib/_exit.o
 .debug_macro   0x00000000       0x16 ./system/src/newlib/_exit.o
 .debug_macro   0x00000000       0x4a ./system/src/newlib/_exit.o
 .debug_macro   0x00000000       0x52 ./system/src/newlib/_exit.o
 .debug_macro   0x00000000       0x16 ./system/src/newlib/_exit.o
 .debug_macro   0x00000000      0x180 ./system/src/newlib/_exit.o
 .debug_macro   0x00000000       0x16 ./system/src/newlib/_exit.o
 .debug_macro   0x00000000       0x29 ./system/src/newlib/_exit.o
 .debug_macro   0x00000000       0x10 ./system/src/newlib/_exit.o
 .debug_macro   0x00000000       0x22 ./system/src/newlib/_exit.o
 .debug_macro   0x00000000       0xbd ./system/src/newlib/_exit.o
 .debug_macro   0x00000000      0x48e ./system/src/newlib/_exit.o
 .group         0x00000000        0x8 ./system/src/newlib/_sbrk.o
 .group         0x00000000        0x8 ./system/src/newlib/_sbrk.o
 .group         0x00000000        0x8 ./system/src/newlib/_sbrk.o
 .group         0x00000000        0x8 ./system/src/newlib/_sbrk.o
 .group         0x00000000        0x8 ./system/src/newlib/_sbrk.o
 .group         0x00000000        0x8 ./system/src/newlib/_sbrk.o
 .group         0x00000000        0x8 ./system/src/newlib/_sbrk.o
 .group         0x00000000        0x8 ./system/src/newlib/_sbrk.o
 .group         0x00000000        0x8 ./system/src/newlib/_sbrk.o
 .group         0x00000000        0x8 ./system/src/newlib/_sbrk.o
 .group         0x00000000        0x8 ./system/src/newlib/_sbrk.o
 .group         0x00000000        0x8 ./system/src/newlib/_sbrk.o
 .group         0x00000000        0x8 ./system/src/newlib/_sbrk.o
 .group         0x00000000        0x8 ./system/src/newlib/_sbrk.o
 .group         0x00000000        0x8 ./system/src/newlib/_sbrk.o
 .text          0x00000000        0x0 ./system/src/newlib/_sbrk.o
 .data          0x00000000        0x0 ./system/src/newlib/_sbrk.o
 .bss           0x00000000        0x0 ./system/src/newlib/_sbrk.o
 .text._sbrk    0x00000000       0x44 ./system/src/newlib/_sbrk.o
 .bss.current_heap_end.4289
                0x00000000        0x4 ./system/src/newlib/_sbrk.o
 .debug_info    0x00000000      0x125 ./system/src/newlib/_sbrk.o
 .debug_abbrev  0x00000000       0xbb ./system/src/newlib/_sbrk.o
 .debug_loc     0x00000000       0x70 ./system/src/newlib/_sbrk.o
 .debug_aranges
                0x00000000       0x20 ./system/src/newlib/_sbrk.o
 .debug_ranges  0x00000000       0x10 ./system/src/newlib/_sbrk.o
 .debug_macro   0x00000000       0xd1 ./system/src/newlib/_sbrk.o
 .debug_macro   0x00000000      0x826 ./system/src/newlib/_sbrk.o
 .debug_macro   0x00000000       0x58 ./system/src/newlib/_sbrk.o
 .debug_macro   0x00000000       0x16 ./system/src/newlib/_sbrk.o
 .debug_macro   0x00000000       0x35 ./system/src/newlib/_sbrk.o
 .debug_macro   0x00000000       0xa3 ./system/src/newlib/_sbrk.o
 .debug_macro   0x00000000       0x4a ./system/src/newlib/_sbrk.o
 .debug_macro   0x00000000       0x52 ./system/src/newlib/_sbrk.o
 .debug_macro   0x00000000       0x16 ./system/src/newlib/_sbrk.o
 .debug_macro   0x00000000       0x19 ./system/src/newlib/_sbrk.o
 .debug_macro   0x00000000      0x16d ./system/src/newlib/_sbrk.o
 .debug_macro   0x00000000       0x22 ./system/src/newlib/_sbrk.o
 .debug_macro   0x00000000       0xbd ./system/src/newlib/_sbrk.o
 .debug_macro   0x00000000       0x10 ./system/src/newlib/_sbrk.o
 .debug_macro   0x00000000      0x180 ./system/src/newlib/_sbrk.o
 .debug_macro   0x00000000      0x23b ./system/src/newlib/_sbrk.o
 .debug_line    0x00000000      0x224 ./system/src/newlib/_sbrk.o
 .debug_str     0x00000000     0x435f ./system/src/newlib/_sbrk.o
 .comment       0x00000000       0x71 ./system/src/newlib/_sbrk.o
 .ARM.attributes
                0x00000000       0x31 ./system/src/newlib/_sbrk.o
 .debug_frame   0x00000000       0x28 ./system/src/newlib/_sbrk.o
 .group         0x00000000        0x8 ./system/src/newlib/_startup.o
 .group         0x00000000        0x8 ./system/src/newlib/_startup.o
 .group         0x00000000        0x8 ./system/src/newlib/_startup.o
 .group         0x00000000        0x8 ./system/src/newlib/_startup.o
 .group         0x00000000        0x8 ./system/src/newlib/_startup.o
 .group         0x00000000        0x8 ./system/src/newlib/_startup.o
 .group         0x00000000        0x8 ./system/src/newlib/_startup.o
 .group         0x00000000        0x8 ./system/src/newlib/_startup.o
 .group         0x00000000        0x8 ./system/src/newlib/_startup.o
 .group         0x00000000        0x8 ./system/src/newlib/_startup.o
 .group         0x00000000        0x8 ./system/src/newlib/_startup.o
 .group         0x00000000        0x8 ./system/src/newlib/_startup.o
 .group         0x00000000        0x8 ./system/src/newlib/_startup.o
 .text          0x00000000        0x0 ./system/src/newlib/_startup.o
 .data          0x00000000        0x0 ./system/src/newlib/_startup.o
 .bss           0x00000000        0x0 ./system/src/newlib/_startup.o
 .text.__initialize_data
                0x00000000       0x10 ./system/src/newlib/_startup.o
 .text.__initialize_bss
                0x00000000       0x10 ./system/src/newlib/_startup.o
 .text.__run_init_array
                0x00000000       0x48 ./system/src/newlib/_startup.o
 .text.__run_fini_array
                0x00000000       0x24 ./system/src/newlib/_startup.o
 .debug_macro   0x00000000      0x826 ./system/src/newlib/_startup.o
 .debug_macro   0x00000000       0x16 ./system/src/newlib/_startup.o
 .debug_macro   0x00000000       0x44 ./system/src/newlib/_startup.o
 .debug_macro   0x00000000      0x209 ./system/src/newlib/_startup.o
 .debug_macro   0x00000000       0x58 ./system/src/newlib/_startup.o
 .debug_macro   0x00000000       0x35 ./system/src/newlib/_startup.o
 .debug_macro   0x00000000       0xa3 ./system/src/newlib/_startup.o
 .debug_macro   0x00000000       0x52 ./system/src/newlib/_startup.o
 .debug_macro   0x00000000       0x16 ./system/src/newlib/_startup.o
 .debug_macro   0x00000000       0x19 ./system/src/newlib/_startup.o
 .debug_macro   0x00000000      0x16d ./system/src/newlib/_startup.o
 .debug_macro   0x00000000       0x22 ./system/src/newlib/_startup.o
 .debug_macro   0x00000000       0xbd ./system/src/newlib/_startup.o
 .group         0x00000000        0x8 ./system/src/newlib/_syscalls.o
 .group         0x00000000        0x8 ./system/src/newlib/_syscalls.o
 .group         0x00000000        0x8 ./system/src/newlib/_syscalls.o
 .group         0x00000000        0x8 ./system/src/newlib/_syscalls.o
 .group         0x00000000        0x8 ./system/src/newlib/_syscalls.o
 .group         0x00000000        0x8 ./system/src/newlib/_syscalls.o
 .group         0x00000000        0x8 ./system/src/newlib/_syscalls.o
 .group         0x00000000        0x8 ./system/src/newlib/_syscalls.o
 .group         0x00000000        0x8 ./system/src/newlib/_syscalls.o
 .group         0x00000000        0x8 ./system/src/newlib/_syscalls.o
 .group         0x00000000        0x8 ./system/src/newlib/_syscalls.o
 .group         0x00000000        0x8 ./system/src/newlib/_syscalls.o
 .group         0x00000000        0x8 ./system/src/newlib/_syscalls.o
 .group         0x00000000        0x8 ./system/src/newlib/_syscalls.o
 .group         0x00000000        0x8 ./system/src/newlib/_syscalls.o
 .group         0x00000000        0x8 ./system/src/newlib/_syscalls.o
 .group         0x00000000        0x8 ./system/src/newlib/_syscalls.o
 .group         0x00000000        0x8 ./system/src/newlib/_syscalls.o
 .group         0x00000000        0x8 ./system/src/newlib/_syscalls.o
 .group         0x00000000        0x8 ./system/src/newlib/_syscalls.o
 .group         0x00000000        0x8 ./system/src/newlib/_syscalls.o
 .group         0x00000000        0x8 ./system/src/newlib/_syscalls.o
 .group         0x00000000        0x8 ./system/src/newlib/_syscalls.o
 .group         0x00000000        0x8 ./system/src/newlib/_syscalls.o
 .group         0x00000000        0x8 ./system/src/newlib/_syscalls.o
 .group         0x00000000        0x8 ./system/src/newlib/_syscalls.o
 .group         0x00000000        0x8 ./system/src/newlib/_syscalls.o
 .group         0x00000000        0x8 ./system/src/newlib/_syscalls.o
 .text          0x00000000        0x0 ./system/src/newlib/_syscalls.o
 .data          0x00000000        0x0 ./system/src/newlib/_syscalls.o
 .bss           0x00000000        0x0 ./system/src/newlib/_syscalls.o
 .text.raise    0x00000000       0x10 ./system/src/newlib/_syscalls.o
 .text.kill     0x00000000       0x10 ./system/src/newlib/_syscalls.o
 .text._chown   0x00000000       0x10 ./system/src/newlib/_syscalls.o
 .text._close   0x00000000       0x10 ./system/src/newlib/_syscalls.o
 .text._execve  0x00000000       0x10 ./system/src/newlib/_syscalls.o
 .text._fork    0x00000000       0x10 ./system/src/newlib/_syscalls.o
 .text._fstat   0x00000000       0x10 ./system/src/newlib/_syscalls.o
 .text._getpid  0x00000000       0x10 ./system/src/newlib/_syscalls.o
 .text._gettimeofday
                0x00000000       0x10 ./system/src/newlib/_syscalls.o
 .text._isatty  0x00000000       0x10 ./system/src/newlib/_syscalls.o
 .text._kill    0x00000000       0x10 ./system/src/newlib/_syscalls.o
 .text._link    0x00000000       0x10 ./system/src/newlib/_syscalls.o
 .text._lseek   0x00000000       0x10 ./system/src/newlib/_syscalls.o
 .text._open    0x00000000       0x10 ./system/src/newlib/_syscalls.o
 .text._read    0x00000000       0x10 ./system/src/newlib/_syscalls.o
 .text._readlink
                0x00000000       0x10 ./system/src/newlib/_syscalls.o
 .text._stat    0x00000000       0x10 ./system/src/newlib/_syscalls.o
 .text._symlink
                0x00000000       0x10 ./system/src/newlib/_syscalls.o
 .text._times   0x00000000       0x10 ./system/src/newlib/_syscalls.o
 .text._unlink  0x00000000       0x10 ./system/src/newlib/_syscalls.o
 .text._wait    0x00000000       0x10 ./system/src/newlib/_syscalls.o
 .text._write   0x00000000       0x10 ./system/src/newlib/_syscalls.o
 .data.environ  0x00000000        0x4 ./system/src/newlib/_syscalls.o
 .bss.__env     0x00000000        0x4 ./system/src/newlib/_syscalls.o
 .debug_macro   0x00000000      0x826 ./system/src/newlib/_syscalls.o
 .debug_macro   0x00000000       0x58 ./system/src/newlib/_syscalls.o
 .debug_macro   0x00000000       0x16 ./system/src/newlib/_syscalls.o
 .debug_macro   0x00000000       0x35 ./system/src/newlib/_syscalls.o
 .debug_macro   0x00000000       0xa3 ./system/src/newlib/_syscalls.o
 .debug_macro   0x00000000       0x10 ./system/src/newlib/_syscalls.o
 .debug_macro   0x00000000      0x16d ./system/src/newlib/_syscalls.o
 .debug_macro   0x00000000       0x4a ./system/src/newlib/_syscalls.o
 .debug_macro   0x00000000       0x52 ./system/src/newlib/_syscalls.o
 .debug_macro   0x00000000       0x16 ./system/src/newlib/_syscalls.o
 .debug_macro   0x00000000       0x43 ./system/src/newlib/_syscalls.o
 .debug_macro   0x00000000      0x180 ./system/src/newlib/_syscalls.o
 .debug_macro   0x00000000      0x23b ./system/src/newlib/_syscalls.o
 .debug_macro   0x00000000       0x35 ./system/src/newlib/_syscalls.o
 .debug_macro   0x00000000       0x10 ./system/src/newlib/_syscalls.o
 .debug_macro   0x00000000       0x22 ./system/src/newlib/_syscalls.o
 .debug_macro   0x00000000       0xbd ./system/src/newlib/_syscalls.o
 COMMON         0x00000000        0x4 ./system/src/newlib/_syscalls.o
 .group         0x00000000        0x8 ./system/src/newlib/_write.o
 .group         0x00000000        0x8 ./system/src/newlib/_write.o
 .group         0x00000000        0x8 ./system/src/newlib/_write.o
 .group         0x00000000        0x8 ./system/src/newlib/_write.o
 .group         0x00000000        0x8 ./system/src/newlib/_write.o
 .group         0x00000000        0x8 ./system/src/newlib/_write.o
 .group         0x00000000        0x8 ./system/src/newlib/_write.o
 .group         0x00000000        0x8 ./system/src/newlib/_write.o
 .group         0x00000000        0x8 ./system/src/newlib/_write.o
 .group         0x00000000        0x8 ./system/src/newlib/_write.o
 .group         0x00000000        0x8 ./system/src/newlib/_write.o
 .group         0x00000000        0x8 ./system/src/newlib/_write.o
 .group         0x00000000        0x8 ./system/src/newlib/_write.o
 .group         0x00000000        0x8 ./system/src/newlib/_write.o
 .group         0x00000000        0x8 ./system/src/newlib/_write.o
 .group         0x00000000        0x8 ./system/src/newlib/_write.o
 .group         0x00000000        0x8 ./system/src/newlib/_write.o
 .group         0x00000000        0x8 ./system/src/newlib/_write.o
 .group         0x00000000        0x8 ./system/src/newlib/_write.o
 .text          0x00000000        0x0 ./system/src/newlib/_write.o
 .data          0x00000000        0x0 ./system/src/newlib/_write.o
 .bss           0x00000000        0x0 ./system/src/newlib/_write.o
 .text._write   0x00000000       0x10 ./system/src/newlib/_write.o
 .debug_info    0x00000000      0x111 ./system/src/newlib/_write.o
 .debug_abbrev  0x00000000       0xa2 ./system/src/newlib/_write.o
 .debug_loc     0x00000000       0x63 ./system/src/newlib/_write.o
 .debug_aranges
                0x00000000       0x20 ./system/src/newlib/_write.o
 .debug_ranges  0x00000000       0x10 ./system/src/newlib/_write.o
 .debug_macro   0x00000000       0xfb ./system/src/newlib/_write.o
 .debug_macro   0x00000000      0x826 ./system/src/newlib/_write.o
 .debug_macro   0x00000000       0x10 ./system/src/newlib/_write.o
 .debug_macro   0x00000000       0x58 ./system/src/newlib/_write.o
 .debug_macro   0x00000000       0x16 ./system/src/newlib/_write.o
 .debug_macro   0x00000000       0x35 ./system/src/newlib/_write.o
 .debug_macro   0x00000000       0xa3 ./system/src/newlib/_write.o
 .debug_macro   0x00000000      0x16d ./system/src/newlib/_write.o
 .debug_macro   0x00000000       0x4a ./system/src/newlib/_write.o
 .debug_macro   0x00000000       0x52 ./system/src/newlib/_write.o
 .debug_macro   0x00000000       0x16 ./system/src/newlib/_write.o
 .debug_macro   0x00000000       0x43 ./system/src/newlib/_write.o
 .debug_macro   0x00000000      0x180 ./system/src/newlib/_write.o
 .debug_macro   0x00000000      0x23b ./system/src/newlib/_write.o
 .debug_macro   0x00000000       0x10 ./system/src/newlib/_write.o
 .debug_macro   0x00000000       0x22 ./system/src/newlib/_write.o
 .debug_macro   0x00000000       0xbd ./system/src/newlib/_write.o
 .debug_macro   0x00000000       0x10 ./system/src/newlib/_write.o
 .debug_macro   0x00000000       0x35 ./system/src/newlib/_write.o
 .debug_macro   0x00000000      0x48e ./system/src/newlib/_write.o
 .debug_line    0x00000000      0x258 ./system/src/newlib/_write.o
 .debug_str     0x00000000     0x5133 ./system/src/newlib/_write.o
 .comment       0x00000000       0x71 ./system/src/newlib/_write.o
 .ARM.attributes
                0x00000000       0x31 ./system/src/newlib/_write.o
 .debug_frame   0x00000000       0x28 ./system/src/newlib/_write.o
 .group         0x00000000        0x8 ./system/src/newlib/assert.o
 .group         0x00000000        0x8 ./system/src/newlib/assert.o
 .group         0x00000000        0x8 ./system/src/newlib/assert.o
 .group         0x00000000        0x8 ./system/src/newlib/assert.o
 .group         0x00000000        0x8 ./system/src/newlib/assert.o
 .group         0x00000000        0x8 ./system/src/newlib/assert.o
 .group         0x00000000        0x8 ./system/src/newlib/assert.o
 .group         0x00000000        0x8 ./system/src/newlib/assert.o
 .group         0x00000000        0x8 ./system/src/newlib/assert.o
 .group         0x00000000        0x8 ./system/src/newlib/assert.o
 .group         0x00000000        0x8 ./system/src/newlib/assert.o
 .group         0x00000000        0x8 ./system/src/newlib/assert.o
 .group         0x00000000        0x8 ./system/src/newlib/assert.o
 .group         0x00000000        0x8 ./system/src/newlib/assert.o
 .group         0x00000000        0x8 ./system/src/newlib/assert.o
 .group         0x00000000        0x8 ./system/src/newlib/assert.o
 .group         0x00000000        0x8 ./system/src/newlib/assert.o
 .group         0x00000000        0x8 ./system/src/newlib/assert.o
 .group         0x00000000        0x8 ./system/src/newlib/assert.o
 .group         0x00000000        0x8 ./system/src/newlib/assert.o
 .group         0x00000000        0x8 ./system/src/newlib/assert.o
 .group         0x00000000        0x8 ./system/src/newlib/assert.o
 .group         0x00000000        0x8 ./system/src/newlib/assert.o
 .text          0x00000000        0x0 ./system/src/newlib/assert.o
 .data          0x00000000        0x0 ./system/src/newlib/assert.o
 .bss           0x00000000        0x0 ./system/src/newlib/assert.o
 .text.__assert_func
                0x00000000        0x8 ./system/src/newlib/assert.o
 .text.assert_failed
                0x00000000        0x8 ./system/src/newlib/assert.o
 .debug_info    0x00000000      0x17e ./system/src/newlib/assert.o
 .debug_abbrev  0x00000000       0xb6 ./system/src/newlib/assert.o
 .debug_loc     0x00000000       0xc6 ./system/src/newlib/assert.o
 .debug_aranges
                0x00000000       0x28 ./system/src/newlib/assert.o
 .debug_ranges  0x00000000       0x18 ./system/src/newlib/assert.o
 .debug_macro   0x00000000      0x137 ./system/src/newlib/assert.o
 .debug_macro   0x00000000      0x826 ./system/src/newlib/assert.o
 .debug_macro   0x00000000       0x58 ./system/src/newlib/assert.o
 .debug_macro   0x00000000       0x16 ./system/src/newlib/assert.o
 .debug_macro   0x00000000       0x35 ./system/src/newlib/assert.o
 .debug_macro   0x00000000       0xa3 ./system/src/newlib/assert.o
 .debug_macro   0x00000000       0x1c ./system/src/newlib/assert.o
 .debug_macro   0x00000000       0x16 ./system/src/newlib/assert.o
 .debug_macro   0x00000000      0x10e ./system/src/newlib/assert.o
 .debug_macro   0x00000000       0x86 ./system/src/newlib/assert.o
 .debug_macro   0x00000000       0x4a ./system/src/newlib/assert.o
 .debug_macro   0x00000000       0x52 ./system/src/newlib/assert.o
 .debug_macro   0x00000000       0x16 ./system/src/newlib/assert.o
 .debug_macro   0x00000000       0x43 ./system/src/newlib/assert.o
 .debug_macro   0x00000000      0x180 ./system/src/newlib/assert.o
 .debug_macro   0x00000000       0x16 ./system/src/newlib/assert.o
 .debug_macro   0x00000000       0x29 ./system/src/newlib/assert.o
 .debug_macro   0x00000000      0x20f ./system/src/newlib/assert.o
 .debug_macro   0x00000000       0x10 ./system/src/newlib/assert.o
 .debug_macro   0x00000000       0x22 ./system/src/newlib/assert.o
 .debug_macro   0x00000000       0xbd ./system/src/newlib/assert.o
 .debug_macro   0x00000000       0x10 ./system/src/newlib/assert.o
 .debug_macro   0x00000000       0x35 ./system/src/newlib/assert.o
 .debug_macro   0x00000000      0x48e ./system/src/newlib/assert.o
 .debug_line    0x00000000      0x296 ./system/src/newlib/assert.o
 .debug_str     0x00000000     0x5773 ./system/src/newlib/assert.o
 .comment       0x00000000       0x71 ./system/src/newlib/assert.o
 .ARM.attributes
                0x00000000       0x31 ./system/src/newlib/assert.o
 .debug_frame   0x00000000       0x40 ./system/src/newlib/assert.o
 .group         0x00000000        0x8 ./system/src/diag/Trace.o
 .text          0x00000000        0x0 ./system/src/diag/Trace.o
 .data          0x00000000        0x0 ./system/src/diag/Trace.o
 .bss           0x00000000        0x0 ./system/src/diag/Trace.o
 .debug_info    0x00000000       0x21 ./system/src/diag/Trace.o
 .debug_abbrev  0x00000000       0x13 ./system/src/diag/Trace.o
 .debug_aranges
                0x00000000       0x18 ./system/src/diag/Trace.o
 .debug_macro   0x00000000       0x11 ./system/src/diag/Trace.o
 .debug_macro   0x00000000      0x826 ./system/src/diag/Trace.o
 .debug_line    0x00000000       0x3b ./system/src/diag/Trace.o
 .debug_str     0x00000000     0x2317 ./system/src/diag/Trace.o
 .comment       0x00000000       0x71 ./system/src/diag/Trace.o
 .ARM.attributes
                0x00000000       0x31 ./system/src/diag/Trace.o
 .group         0x00000000        0x8 ./system/src/diag/trace_impl.o
 .text          0x00000000        0x0 ./system/src/diag/trace_impl.o
 .data          0x00000000        0x0 ./system/src/diag/trace_impl.o
 .bss           0x00000000        0x0 ./system/src/diag/trace_impl.o
 .debug_info    0x00000000       0x21 ./system/src/diag/trace_impl.o
 .debug_abbrev  0x00000000       0x13 ./system/src/diag/trace_impl.o
 .debug_aranges
                0x00000000       0x18 ./system/src/diag/trace_impl.o
 .debug_macro   0x00000000       0x11 ./system/src/diag/trace_impl.o
 .debug_macro   0x00000000      0x826 ./system/src/diag/trace_impl.o
 .debug_line    0x00000000       0x40 ./system/src/diag/trace_impl.o
 .debug_str     0x00000000     0x231c ./system/src/diag/trace_impl.o
 .comment       0x00000000       0x71 ./system/src/diag/trace_impl.o
 .ARM.attributes
                0x00000000       0x31 ./system/src/diag/trace_impl.o
 .group         0x00000000        0x8 ./system/src/cortexm/_initialize_hardware.o
 .group         0x00000000        0x8 ./system/src/cortexm/_initialize_hardware.o
 .group         0x00000000        0x8 ./system/src/cortexm/_initialize_hardware.o
 .group         0x00000000        0x8 ./system/src/cortexm/_initialize_hardware.o
 .group         0x00000000        0x8 ./system/src/cortexm/_initialize_hardware.o
 .group         0x00000000        0x8 ./system/src/cortexm/_initialize_hardware.o
 .group         0x00000000        0x8 ./system/src/cortexm/_initialize_hardware.o
 .group         0x00000000        0x8 ./system/src/cortexm/_initialize_hardware.o
 .group         0x00000000        0x8 ./system/src/cortexm/_initialize_hardware.o
 .group         0x00000000        0x8 ./system/src/cortexm/_initialize_hardware.o
 .group         0x00000000        0x8 ./system/src/cortexm/_initialize_hardware.o
 .group         0x00000000        0x8 ./system/src/cortexm/_initialize_hardware.o
 .group         0x00000000        0x8 ./system/src/cortexm/_initialize_hardware.o
 .group         0x00000000        0x8 ./system/src/cortexm/_initialize_hardware.o
 .group         0x00000000        0x8 ./system/src/cortexm/_initialize_hardware.o
 .group         0x00000000        0x8 ./system/src/cortexm/_initialize_hardware.o
 .group         0x00000000        0x8 ./system/src/cortexm/_initialize_hardware.o
 .group         0x00000000        0x8 ./system/src/cortexm/_initialize_hardware.o
 .group         0x00000000        0x8 ./system/src/cortexm/_initialize_hardware.o
 .group         0x00000000        0x8 ./system/src/cortexm/_initialize_hardware.o
 .group         0x00000000        0x8 ./system/src/cortexm/_initialize_hardware.o
 .group         0x00000000        0x8 ./system/src/cortexm/_initialize_hardware.o
 .group         0x00000000        0x8 ./system/src/cortexm/_initialize_hardware.o
 .group         0x00000000        0x8 ./system/src/cortexm/_initialize_hardware.o
 .group         0x00000000        0x8 ./system/src/cortexm/_initialize_hardware.o
 .group         0x00000000        0x8 ./system/src/cortexm/_initialize_hardware.o
 .group         0x00000000        0x8 ./system/src/cortexm/_initialize_hardware.o
 .group         0x00000000        0x8 ./system/src/cortexm/_initialize_hardware.o
 .group         0x00000000        0x8 ./system/src/cortexm/_initialize_hardware.o
 .group         0x00000000        0x8 ./system/src/cortexm/_initialize_hardware.o
 .group         0x00000000        0x8 ./system/src/cortexm/_initialize_hardware.o
 .group         0x00000000        0x8 ./system/src/cortexm/_initialize_hardware.o
 .text          0x00000000        0x0 ./system/src/cortexm/_initialize_hardware.o
 .data          0x00000000        0x0 ./system/src/cortexm/_initialize_hardware.o
 .bss           0x00000000        0x0 ./system/src/cortexm/_initialize_hardware.o
 .debug_macro   0x00000000      0x826 ./system/src/cortexm/_initialize_hardware.o
 .debug_macro   0x00000000       0x7a ./system/src/cortexm/_initialize_hardware.o
 .debug_macro   0x00000000       0x3a ./system/src/cortexm/_initialize_hardware.o
 .debug_macro   0x00000000       0x16 ./system/src/cortexm/_initialize_hardware.o
 .debug_macro   0x00000000       0x44 ./system/src/cortexm/_initialize_hardware.o
 .debug_macro   0x00000000      0x209 ./system/src/cortexm/_initialize_hardware.o
 .debug_macro   0x00000000       0x1f ./system/src/cortexm/_initialize_hardware.o
 .debug_macro   0x00000000      0x242 ./system/src/cortexm/_initialize_hardware.o
 .debug_macro   0x00000000     0x5b9e ./system/src/cortexm/_initialize_hardware.o
 .debug_macro   0x00000000      0x2ec ./system/src/cortexm/_initialize_hardware.o
 .debug_macro   0x00000000      0x3cf ./system/src/cortexm/_initialize_hardware.o
 .debug_macro   0x00000000      0x191 ./system/src/cortexm/_initialize_hardware.o
 .debug_macro   0x00000000       0x46 ./system/src/cortexm/_initialize_hardware.o
 .debug_macro   0x00000000       0xd9 ./system/src/cortexm/_initialize_hardware.o
 .debug_macro   0x00000000       0xef ./system/src/cortexm/_initialize_hardware.o
 .debug_macro   0x00000000      0x184 ./system/src/cortexm/_initialize_hardware.o
 .debug_macro   0x00000000       0x7c ./system/src/cortexm/_initialize_hardware.o
 .debug_macro   0x00000000      0x295 ./system/src/cortexm/_initialize_hardware.o
 .debug_macro   0x00000000       0xd7 ./system/src/cortexm/_initialize_hardware.o
 .debug_macro   0x00000000      0x23d ./system/src/cortexm/_initialize_hardware.o
 .debug_macro   0x00000000      0x185 ./system/src/cortexm/_initialize_hardware.o
 .debug_macro   0x00000000      0x184 ./system/src/cortexm/_initialize_hardware.o
 .debug_macro   0x00000000      0x2a0 ./system/src/cortexm/_initialize_hardware.o
 .debug_macro   0x00000000       0x70 ./system/src/cortexm/_initialize_hardware.o
 .debug_macro   0x00000000       0xdf ./system/src/cortexm/_initialize_hardware.o
 .debug_macro   0x00000000      0x4e3 ./system/src/cortexm/_initialize_hardware.o
 .debug_macro   0x00000000      0x4c5 ./system/src/cortexm/_initialize_hardware.o
 .debug_macro   0x00000000      0x397 ./system/src/cortexm/_initialize_hardware.o
 .debug_macro   0x00000000      0x750 ./system/src/cortexm/_initialize_hardware.o
 .debug_macro   0x00000000      0x353 ./system/src/cortexm/_initialize_hardware.o
 .debug_macro   0x00000000       0x34 ./system/src/cortexm/_initialize_hardware.o
 .debug_macro   0x00000000       0x3a ./system/src/cortexm/_initialize_hardware.o
 .group         0x00000000        0x8 ./system/src/cortexm/_reset_hardware.o
 .group         0x00000000        0x8 ./system/src/cortexm/_reset_hardware.o
 .group         0x00000000        0x8 ./system/src/cortexm/_reset_hardware.o
 .group         0x00000000        0x8 ./system/src/cortexm/_reset_hardware.o
 .group         0x00000000        0x8 ./system/src/cortexm/_reset_hardware.o
 .group         0x00000000        0x8 ./system/src/cortexm/_reset_hardware.o
 .group         0x00000000        0x8 ./system/src/cortexm/_reset_hardware.o
 .group         0x00000000        0x8 ./system/src/cortexm/_reset_hardware.o
 .group         0x00000000        0x8 ./system/src/cortexm/_reset_hardware.o
 .group         0x00000000        0x8 ./system/src/cortexm/_reset_hardware.o
 .group         0x00000000        0x8 ./system/src/cortexm/_reset_hardware.o
 .group         0x00000000        0x8 ./system/src/cortexm/_reset_hardware.o
 .group         0x00000000        0x8 ./system/src/cortexm/_reset_hardware.o
 .group         0x00000000        0x8 ./system/src/cortexm/_reset_hardware.o
 .group         0x00000000        0x8 ./system/src/cortexm/_reset_hardware.o
 .group         0x00000000        0x8 ./system/src/cortexm/_reset_hardware.o
 .group         0x00000000        0x8 ./system/src/cortexm/_reset_hardware.o
 .group         0x00000000        0x8 ./system/src/cortexm/_reset_hardware.o
 .group         0x00000000        0x8 ./system/src/cortexm/_reset_hardware.o
 .group         0x00000000        0x8 ./system/src/cortexm/_reset_hardware.o
 .group         0x00000000        0x8 ./system/src/cortexm/_reset_hardware.o
 .group         0x00000000        0x8 ./system/src/cortexm/_reset_hardware.o
 .group         0x00000000        0x8 ./system/src/cortexm/_reset_hardware.o
 .group         0x00000000        0x8 ./system/src/cortexm/_reset_hardware.o
 .group         0x00000000        0x8 ./system/src/cortexm/_reset_hardware.o
 .group         0x00000000        0x8 ./system/src/cortexm/_reset_hardware.o
 .group         0x00000000        0x8 ./system/src/cortexm/_reset_hardware.o
 .group         0x00000000        0x8 ./system/src/cortexm/_reset_hardware.o
 .group         0x00000000        0x8 ./system/src/cortexm/_reset_hardware.o
 .group         0x00000000        0x8 ./system/src/cortexm/_reset_hardware.o
 .group         0x00000000        0x8 ./system/src/cortexm/_reset_hardware.o
 .group         0x00000000        0x8 ./system/src/cortexm/_reset_hardware.o
 .text          0x00000000        0x0 ./system/src/cortexm/_reset_hardware.o
 .data          0x00000000        0x0 ./system/src/cortexm/_reset_hardware.o
 .bss           0x00000000        0x0 ./system/src/cortexm/_reset_hardware.o
 .text.__reset_hardware
                0x00000000       0x18 ./system/src/cortexm/_reset_hardware.o
 .debug_info    0x00000000      0x18b ./system/src/cortexm/_reset_hardware.o
 .debug_abbrev  0x00000000       0xd7 ./system/src/cortexm/_reset_hardware.o
 .debug_aranges
                0x00000000       0x20 ./system/src/cortexm/_reset_hardware.o
 .debug_ranges  0x00000000       0x10 ./system/src/cortexm/_reset_hardware.o
 .debug_macro   0x00000000      0x174 ./system/src/cortexm/_reset_hardware.o
 .debug_macro   0x00000000      0x826 ./system/src/cortexm/_reset_hardware.o
 .debug_macro   0x00000000       0x7a ./system/src/cortexm/_reset_hardware.o
 .debug_macro   0x00000000       0x3a ./system/src/cortexm/_reset_hardware.o
 .debug_macro   0x00000000       0x16 ./system/src/cortexm/_reset_hardware.o
 .debug_macro   0x00000000       0x44 ./system/src/cortexm/_reset_hardware.o
 .debug_macro   0x00000000      0x209 ./system/src/cortexm/_reset_hardware.o
 .debug_macro   0x00000000       0x1f ./system/src/cortexm/_reset_hardware.o
 .debug_macro   0x00000000      0x242 ./system/src/cortexm/_reset_hardware.o
 .debug_macro   0x00000000     0x5b9e ./system/src/cortexm/_reset_hardware.o
 .debug_macro   0x00000000      0x2ec ./system/src/cortexm/_reset_hardware.o
 .debug_macro   0x00000000      0x3cf ./system/src/cortexm/_reset_hardware.o
 .debug_macro   0x00000000      0x191 ./system/src/cortexm/_reset_hardware.o
 .debug_macro   0x00000000       0x46 ./system/src/cortexm/_reset_hardware.o
 .debug_macro   0x00000000       0xd9 ./system/src/cortexm/_reset_hardware.o
 .debug_macro   0x00000000       0xef ./system/src/cortexm/_reset_hardware.o
 .debug_macro   0x00000000      0x184 ./system/src/cortexm/_reset_hardware.o
 .debug_macro   0x00000000       0x7c ./system/src/cortexm/_reset_hardware.o
 .debug_macro   0x00000000      0x295 ./system/src/cortexm/_reset_hardware.o
 .debug_macro   0x00000000       0xd7 ./system/src/cortexm/_reset_hardware.o
 .debug_macro   0x00000000      0x23d ./system/src/cortexm/_reset_hardware.o
 .debug_macro   0x00000000      0x185 ./system/src/cortexm/_reset_hardware.o
 .debug_macro   0x00000000      0x184 ./system/src/cortexm/_reset_hardware.o
 .debug_macro   0x00000000      0x2a0 ./system/src/cortexm/_reset_hardware.o
 .debug_macro   0x00000000       0x70 ./system/src/cortexm/_reset_hardware.o
 .debug_macro   0x00000000       0xdf ./system/src/cortexm/_reset_hardware.o
 .debug_macro   0x00000000      0x4e3 ./system/src/cortexm/_reset_hardware.o
 .debug_macro   0x00000000      0x4c5 ./system/src/cortexm/_reset_hardware.o
 .debug_macro   0x00000000      0x397 ./system/src/cortexm/_reset_hardware.o
 .debug_macro   0x00000000      0x750 ./system/src/cortexm/_reset_hardware.o
 .debug_macro   0x00000000      0x353 ./system/src/cortexm/_reset_hardware.o
 .debug_macro   0x00000000       0x34 ./system/src/cortexm/_reset_hardware.o
 .debug_macro   0x00000000       0x3a ./system/src/cortexm/_reset_hardware.o
 .debug_line    0x00000000      0x441 ./system/src/cortexm/_reset_hardware.o
 .debug_str     0x00000000    0x3ed6b ./system/src/cortexm/_reset_hardware.o
 .comment       0x00000000       0x71 ./system/src/cortexm/_reset_hardware.o
 .ARM.attributes
                0x00000000       0x31 ./system/src/cortexm/_reset_hardware.o
 .debug_frame   0x00000000       0x20 ./system/src/cortexm/_reset_hardware.o
 .group         0x00000000        0x8 ./system/src/cortexm/exception_handlers.o
 .text          0x00000000        0x0 ./system/src/cortexm/exception_handlers.o
 .data          0x00000000        0x0 ./system/src/cortexm/exception_handlers.o
 .bss           0x00000000        0x0 ./system/src/cortexm/exception_handlers.o
 .debug_macro   0x00000000      0x826 ./system/src/cortexm/exception_handlers.o
 .group         0x00000000        0x8 ./system/src/cmsis/system_stm32f0xx.o
 .group         0x00000000        0x8 ./system/src/cmsis/system_stm32f0xx.o
 .group         0x00000000        0x8 ./system/src/cmsis/system_stm32f0xx.o
 .group         0x00000000        0x8 ./system/src/cmsis/system_stm32f0xx.o
 .group         0x00000000        0x8 ./system/src/cmsis/system_stm32f0xx.o
 .group         0x00000000        0x8 ./system/src/cmsis/system_stm32f0xx.o
 .group         0x00000000        0x8 ./system/src/cmsis/system_stm32f0xx.o
 .group         0x00000000        0x8 ./system/src/cmsis/system_stm32f0xx.o
 .group         0x00000000        0x8 ./system/src/cmsis/system_stm32f0xx.o
 .group         0x00000000        0x8 ./system/src/cmsis/system_stm32f0xx.o
 .group         0x00000000        0x8 ./system/src/cmsis/system_stm32f0xx.o
 .group         0x00000000        0x8 ./system/src/cmsis/system_stm32f0xx.o
 .group         0x00000000        0x8 ./system/src/cmsis/system_stm32f0xx.o
 .group         0x00000000        0x8 ./system/src/cmsis/system_stm32f0xx.o
 .group         0x00000000        0x8 ./system/src/cmsis/system_stm32f0xx.o
 .group         0x00000000        0x8 ./system/src/cmsis/system_stm32f0xx.o
 .group         0x00000000        0x8 ./system/src/cmsis/system_stm32f0xx.o
 .group         0x00000000        0x8 ./system/src/cmsis/system_stm32f0xx.o
 .group         0x00000000        0x8 ./system/src/cmsis/system_stm32f0xx.o
 .group         0x00000000        0x8 ./system/src/cmsis/system_stm32f0xx.o
 .group         0x00000000        0x8 ./system/src/cmsis/system_stm32f0xx.o
 .group         0x00000000        0x8 ./system/src/cmsis/system_stm32f0xx.o
 .group         0x00000000        0x8 ./system/src/cmsis/system_stm32f0xx.o
 .group         0x00000000        0x8 ./system/src/cmsis/system_stm32f0xx.o
 .group         0x00000000        0x8 ./system/src/cmsis/system_stm32f0xx.o
 .group         0x00000000        0x8 ./system/src/cmsis/system_stm32f0xx.o
 .group         0x00000000        0x8 ./system/src/cmsis/system_stm32f0xx.o
 .group         0x00000000        0x8 ./system/src/cmsis/system_stm32f0xx.o
 .group         0x00000000        0x8 ./system/src/cmsis/system_stm32f0xx.o
 .group         0x00000000        0x8 ./system/src/cmsis/system_stm32f0xx.o
 .group         0x00000000        0x8 ./system/src/cmsis/system_stm32f0xx.o
 .group         0x00000000        0x8 ./system/src/cmsis/system_stm32f0xx.o
 .text          0x00000000        0x0 ./system/src/cmsis/system_stm32f0xx.o
 .data          0x00000000        0x0 ./system/src/cmsis/system_stm32f0xx.o
 .bss           0x00000000        0x0 ./system/src/cmsis/system_stm32f0xx.o
 .text.SystemCoreClockUpdate
                0x00000000       0x90 ./system/src/cmsis/system_stm32f0xx.o
 .data.AHBPrescTable
                0x00000000       0x10 ./system/src/cmsis/system_stm32f0xx.o
 .data.SystemCoreClock
                0x00000000        0x4 ./system/src/cmsis/system_stm32f0xx.o
 .debug_macro   0x00000000      0x826 ./system/src/cmsis/system_stm32f0xx.o
 .debug_macro   0x00000000       0x7a ./system/src/cmsis/system_stm32f0xx.o
 .debug_macro   0x00000000       0x3a ./system/src/cmsis/system_stm32f0xx.o
 .debug_macro   0x00000000       0x16 ./system/src/cmsis/system_stm32f0xx.o
 .debug_macro   0x00000000       0x44 ./system/src/cmsis/system_stm32f0xx.o
 .debug_macro   0x00000000      0x209 ./system/src/cmsis/system_stm32f0xx.o
 .debug_macro   0x00000000       0x1f ./system/src/cmsis/system_stm32f0xx.o
 .debug_macro   0x00000000      0x242 ./system/src/cmsis/system_stm32f0xx.o
 .debug_macro   0x00000000     0x5b9e ./system/src/cmsis/system_stm32f0xx.o
 .debug_macro   0x00000000      0x2ec ./system/src/cmsis/system_stm32f0xx.o
 .debug_macro   0x00000000      0x3cf ./system/src/cmsis/system_stm32f0xx.o
 .debug_macro   0x00000000      0x191 ./system/src/cmsis/system_stm32f0xx.o
 .debug_macro   0x00000000       0x46 ./system/src/cmsis/system_stm32f0xx.o
 .debug_macro   0x00000000       0xd9 ./system/src/cmsis/system_stm32f0xx.o
 .debug_macro   0x00000000       0xef ./system/src/cmsis/system_stm32f0xx.o
 .debug_macro   0x00000000      0x184 ./system/src/cmsis/system_stm32f0xx.o
 .debug_macro   0x00000000       0x7c ./system/src/cmsis/system_stm32f0xx.o
 .debug_macro   0x00000000      0x295 ./system/src/cmsis/system_stm32f0xx.o
 .debug_macro   0x00000000       0xd7 ./system/src/cmsis/system_stm32f0xx.o
 .debug_macro   0x00000000      0x23d ./system/src/cmsis/system_stm32f0xx.o
 .debug_macro   0x00000000      0x185 ./system/src/cmsis/system_stm32f0xx.o
 .debug_macro   0x00000000      0x184 ./system/src/cmsis/system_stm32f0xx.o
 .debug_macro   0x00000000      0x2a0 ./system/src/cmsis/system_stm32f0xx.o
 .debug_macro   0x00000000       0x70 ./system/src/cmsis/system_stm32f0xx.o
 .debug_macro   0x00000000       0xdf ./system/src/cmsis/system_stm32f0xx.o
 .debug_macro   0x00000000      0x4e3 ./system/src/cmsis/system_stm32f0xx.o
 .debug_macro   0x00000000      0x4c5 ./system/src/cmsis/system_stm32f0xx.o
 .debug_macro   0x00000000      0x397 ./system/src/cmsis/system_stm32f0xx.o
 .debug_macro   0x00000000      0x750 ./system/src/cmsis/system_stm32f0xx.o
 .debug_macro   0x00000000      0x353 ./system/src/cmsis/system_stm32f0xx.o
 .debug_macro   0x00000000       0x34 ./system/src/cmsis/system_stm32f0xx.o
 .debug_macro   0x00000000       0x3a ./system/src/cmsis/system_stm32f0xx.o
 .group         0x00000000        0x8 ./system/src/cmsis/vectors_stm32f0xx.o
 .text          0x00000000        0x0 ./system/src/cmsis/vectors_stm32f0xx.o
 .data          0x00000000        0x0 ./system/src/cmsis/vectors_stm32f0xx.o
 .bss           0x00000000        0x0 ./system/src/cmsis/vectors_stm32f0xx.o
 .debug_macro   0x00000000      0x826 ./system/src/cmsis/vectors_stm32f0xx.o
 .bss           0x00000000        0x0 ./src/main.o
 .text          0x00000000       0x9c c:/dev/gnu tools arm embedded/4.8 2014q3/bin/../lib/gcc/arm-none-eabi/4.8.4/armv6-m\libgcc.a(_udivsi3.o)
 .data          0x00000000        0x0 c:/dev/gnu tools arm embedded/4.8 2014q3/bin/../lib/gcc/arm-none-eabi/4.8.4/armv6-m\libgcc.a(_udivsi3.o)
 .bss           0x00000000        0x0 c:/dev/gnu tools arm embedded/4.8 2014q3/bin/../lib/gcc/arm-none-eabi/4.8.4/armv6-m\libgcc.a(_udivsi3.o)
 .debug_frame   0x00000000       0x20 c:/dev/gnu tools arm embedded/4.8 2014q3/bin/../lib/gcc/arm-none-eabi/4.8.4/armv6-m\libgcc.a(_udivsi3.o)
 .ARM.attributes
                0x00000000       0x1e c:/dev/gnu tools arm embedded/4.8 2014q3/bin/../lib/gcc/arm-none-eabi/4.8.4/armv6-m\libgcc.a(_udivsi3.o)
 .text          0x00000000        0x4 c:/dev/gnu tools arm embedded/4.8 2014q3/bin/../lib/gcc/arm-none-eabi/4.8.4/armv6-m\libgcc.a(_dvmd_tls.o)
 .data          0x00000000        0x0 c:/dev/gnu tools arm embedded/4.8 2014q3/bin/../lib/gcc/arm-none-eabi/4.8.4/armv6-m\libgcc.a(_dvmd_tls.o)
 .bss           0x00000000        0x0 c:/dev/gnu tools arm embedded/4.8 2014q3/bin/../lib/gcc/arm-none-eabi/4.8.4/armv6-m\libgcc.a(_dvmd_tls.o)
 .ARM.attributes
                0x00000000       0x1e c:/dev/gnu tools arm embedded/4.8 2014q3/bin/../lib/gcc/arm-none-eabi/4.8.4/armv6-m\libgcc.a(_dvmd_tls.o)
 .text          0x00000000        0x0 c:/dev/gnu tools arm embedded/4.8 2014q3/bin/../lib/gcc/arm-none-eabi/4.8.4/../../../../arm-none-eabi/lib/armv6-m\libg_s.a(lib_a-errno.o)
 .data          0x00000000        0x0 c:/dev/gnu tools arm embedded/4.8 2014q3/bin/../lib/gcc/arm-none-eabi/4.8.4/../../../../arm-none-eabi/lib/armv6-m\libg_s.a(lib_a-errno.o)
 .bss           0x00000000        0x0 c:/dev/gnu tools arm embedded/4.8 2014q3/bin/../lib/gcc/arm-none-eabi/4.8.4/../../../../arm-none-eabi/lib/armv6-m\libg_s.a(lib_a-errno.o)
 .text.__errno  0x00000000        0xc c:/dev/gnu tools arm embedded/4.8 2014q3/bin/../lib/gcc/arm-none-eabi/4.8.4/../../../../arm-none-eabi/lib/armv6-m\libg_s.a(lib_a-errno.o)
 .ARM.attributes
                0x00000000       0x2c c:/dev/gnu tools arm embedded/4.8 2014q3/bin/../lib/gcc/arm-none-eabi/4.8.4/../../../../arm-none-eabi/lib/armv6-m\libg_s.a(lib_a-errno.o)
 .debug_frame   0x00000000       0x20 c:/dev/gnu tools arm embedded/4.8 2014q3/bin/../lib/gcc/arm-none-eabi/4.8.4/../../../../arm-none-eabi/lib/armv6-m\libg_s.a(lib_a-errno.o)
 .text          0x00000000        0x0 c:/dev/gnu tools arm embedded/4.8 2014q3/bin/../lib/gcc/arm-none-eabi/4.8.4/../../../../arm-none-eabi/lib/armv6-m\libg_s.a(lib_a-impure.o)
 .data          0x00000000        0x0 c:/dev/gnu tools arm embedded/4.8 2014q3/bin/../lib/gcc/arm-none-eabi/4.8.4/../../../../arm-none-eabi/lib/armv6-m\libg_s.a(lib_a-impure.o)
 .bss           0x00000000        0x0 c:/dev/gnu tools arm embedded/4.8 2014q3/bin/../lib/gcc/arm-none-eabi/4.8.4/../../../../arm-none-eabi/lib/armv6-m\libg_s.a(lib_a-impure.o)
 .data.impure_data
                0x00000000       0x60 c:/dev/gnu tools arm embedded/4.8 2014q3/bin/../lib/gcc/arm-none-eabi/4.8.4/../../../../arm-none-eabi/lib/armv6-m\libg_s.a(lib_a-impure.o)
 .data._impure_ptr
                0x00000000        0x4 c:/dev/gnu tools arm embedded/4.8 2014q3/bin/../lib/gcc/arm-none-eabi/4.8.4/../../../../arm-none-eabi/lib/armv6-m\libg_s.a(lib_a-impure.o)
 .rodata.str1.1
                0x00000000        0x2 c:/dev/gnu tools arm embedded/4.8 2014q3/bin/../lib/gcc/arm-none-eabi/4.8.4/../../../../arm-none-eabi/lib/armv6-m\libg_s.a(lib_a-impure.o)
 .rodata._global_impure_ptr
                0x00000000        0x4 c:/dev/gnu tools arm embedded/4.8 2014q3/bin/../lib/gcc/arm-none-eabi/4.8.4/../../../../arm-none-eabi/lib/armv6-m\libg_s.a(lib_a-impure.o)
 .ARM.attributes
                0x00000000       0x2c c:/dev/gnu tools arm embedded/4.8 2014q3/bin/../lib/gcc/arm-none-eabi/4.8.4/../../../../arm-none-eabi/lib/armv6-m\libg_s.a(lib_a-impure.o)

Memory Configuration

Name             Origin             Length             Attributes
RAM              0x20000000         0x00002000         xrw
CCMRAM           0x00000000         0x00000000         xrw
FLASH            0x08000000         0x00010000         xr
FLASHB1          0x00000000         0x00000000         xr
EXTMEMB0         0x00000000         0x00000000         xr
EXTMEMB1         0x00000000         0x00000000         xr
EXTMEMB2         0x00000000         0x00000000         xr
EXTMEMB3         0x00000000         0x00000000         xr
MEMORY_ARRAY     0x00000000         0x00000000         xrw
*default*        0x00000000         0xffffffff

Linker script and memory map

LOAD ./system/src/stm32f0-stdperiph/stm32f0xx_gpio.o
LOAD ./system/src/stm32f0-stdperiph/stm32f0xx_rcc.o
LOAD ./system/src/newlib/_cxx.o
LOAD ./system/src/newlib/_exit.o
LOAD ./system/src/newlib/_sbrk.o
LOAD ./system/src/newlib/_startup.o
LOAD ./system/src/newlib/_syscalls.o
LOAD ./system/src/newlib/_write.o
LOAD ./system/src/newlib/assert.o
LOAD ./system/src/diag/Trace.o
LOAD ./system/src/diag/trace_impl.o
LOAD ./system/src/cortexm/_initialize_hardware.o
LOAD ./system/src/cortexm/_reset_hardware.o
LOAD ./system/src/cortexm/exception_handlers.o
LOAD ./system/src/cmsis/system_stm32f0xx.o
LOAD ./system/src/cmsis/vectors_stm32f0xx.o
LOAD ./src/main.o
LOAD c:/dev/gnu tools arm embedded/4.8 2014q3/bin/../lib/gcc/arm-none-eabi/4.8.4/../../../../arm-none-eabi/lib/armv6-m\libstdc++_s.a
LOAD c:/dev/gnu tools arm embedded/4.8 2014q3/bin/../lib/gcc/arm-none-eabi/4.8.4/../../../../arm-none-eabi/lib/armv6-m\libm.a
START GROUP
LOAD c:/dev/gnu tools arm embedded/4.8 2014q3/bin/../lib/gcc/arm-none-eabi/4.8.4/armv6-m\libgcc.a
LOAD c:/dev/gnu tools arm embedded/4.8 2014q3/bin/../lib/gcc/arm-none-eabi/4.8.4/../../../../arm-none-eabi/lib/armv6-m\libg_s.a
LOAD c:/dev/gnu tools arm embedded/4.8 2014q3/bin/../lib/gcc/arm-none-eabi/4.8.4/../../../../arm-none-eabi/lib/armv6-m\libc_s.a
END GROUP
START GROUP
LOAD c:/dev/gnu tools arm embedded/4.8 2014q3/bin/../lib/gcc/arm-none-eabi/4.8.4/armv6-m\libgcc.a
LOAD c:/dev/gnu tools arm embedded/4.8 2014q3/bin/../lib/gcc/arm-none-eabi/4.8.4/../../../../arm-none-eabi/lib/armv6-m\libc_s.a
END GROUP
                0x20002000                __stack = (ORIGIN (RAM) + 0x2000)
                0x20002000                _estack = __stack
                0x00000400                __Main_Stack_Size = 0x400
                0x00000400                PROVIDE (_Main_Stack_Size, __Main_Stack_Size)
                0x20001c00                __Main_Stack_Limit = (__stack - __Main_Stack_Size)
                0x20001c00                PROVIDE (_Main_Stack_Limit, __Main_Stack_Limit)
                0x00000100                _Minimum_Stack_Size = 0x100
                0x20000080                PROVIDE (_Heap_Begin, _end_noinit)
                0x20001c00                PROVIDE (_Heap_Limit, (__stack - __Main_Stack_Size))

.isr_vector     0x08000000      0x1f4
                0x08000000                . = ALIGN (0x4)
 *(.isr_vector)
 .isr_vector    0x08000000       0xc4 ./system/src/cmsis/vectors_stm32f0xx.o
                0x08000000                g_pfnVectors
 *(.cfmconfig)
 *(.after_vectors .after_vectors.*)
 .after_vectors
                0x080000c4      0x110 ./system/src/newlib/_startup.o
                0x080000c4                _start
 .after_vectors
                0x080001d4       0x1c ./system/src/cortexm/exception_handlers.o
                0x080001d4                Reset_Handler
                0x080001dc                NMI_Handler
                0x080001e0                HardFault_Handler
                0x080001e4                SVC_Handler
                0x080001e8                PendSV_Handler
                0x080001ec                SysTick_Handler
 .after_vectors
                0x080001f0        0x4 ./system/src/cmsis/vectors_stm32f0xx.o
                0x080001f0                TIM1_CC_IRQHandler
                0x080001f0                TSC_IRQHandler
                0x080001f0                ADC1_COMP_IRQHandler
                0x080001f0                PVD_IRQHandler
                0x080001f0                I2C1_IRQHandler
                0x080001f0                RCC_CRS_IRQHandler
                0x080001f0                SPI1_IRQHandler
                0x080001f0                TIM6_DAC_IRQHandler
                0x080001f0                USART3_4_IRQHandler
                0x080001f0                EXTI2_3_IRQHandler
                0x080001f0                ADC1_IRQHandler
                0x080001f0                I2C2_IRQHandler
                0x080001f0                TIM17_IRQHandler
                0x080001f0                CEC_CAN_IRQHandler
                0x080001f0                RTC_IRQHandler
                0x080001f0                PVD_VDDIO2_IRQHandler
                0x080001f0                DMA1_Channel4_5_6_7_IRQHandler
                0x080001f0                TIM16_IRQHandler
                0x080001f0                TIM3_IRQHandler
                0x080001f0                EXTI4_15_IRQHandler
                0x080001f0                RCC_IRQHandler
                0x080001f0                DMA1_Channel1_IRQHandler
                0x080001f0                Default_Handler
                0x080001f0                CEC_IRQHandler
                0x080001f0                TIM14_IRQHandler
                0x080001f0                DMA1_Channel4_5_IRQHandler
                0x080001f0                TIM7_IRQHandler
                0x080001f0                TIM15_IRQHandler
                0x080001f0                EXTI0_1_IRQHandler
                0x080001f0                USB_IRQHandler
                0x080001f0                SPI2_IRQHandler
                0x080001f0                TS_IRQHandler
                0x080001f0                WWDG_IRQHandler
                0x080001f0                TIM2_IRQHandler
                0x080001f0                DMA1_Channel2_3_IRQHandler
                0x080001f0                USART2_IRQHandler
                0x080001f0                FLASH_IRQHandler
                0x080001f0                USART1_IRQHandler
                0x080001f0                TIM1_BRK_UP_TRG_COM_IRQHandler
                0x080001f4                . = ALIGN (0x4)

.inits          0x080001f4        0x0
                0x080001f4                . = ALIGN (0x4)
 *(.init)
 *(.fini)
                0x080001f4                . = ALIGN (0x4)
                0x080001f4                PROVIDE (__preinit_array_start, .)
 *(.preinit_array_sysinit .preinit_array_sysinit.*)
 *(.preinit_array_platform .preinit_array_platform.*)
 *(.preinit_array .preinit_array.*)
                0x080001f4                PROVIDE (__preinit_array_end, .)
                0x080001f4                . = ALIGN (0x4)
                0x080001f4                PROVIDE (__init_array_start, .)
 *(SORT(.init_array.*))
 *(.init_array)
                0x080001f4                PROVIDE (__init_array_end, .)
                0x080001f4                . = ALIGN (0x4)
                0x080001f4                PROVIDE (__fini_array_start, .)
 *(SORT(.fini_array.*))
 *(.fini_array)
                0x080001f4                PROVIDE (__fini_array_end, .)
                0x080001f4                . = ALIGN (0x4)

.flashtext      0x080001f4        0x0
                0x080001f4                . = ALIGN (0x4)
 *(.flashtext .flashtext.*)
                0x080001f4                . = ALIGN (0x4)

.text           0x080001f4      0x164
                0x080001f4                . = ALIGN (0x4)
 *(.text .text.*)
 .text._exit    0x080001f4        0x4 ./system/src/newlib/_exit.o
                0x080001f4                _exit
 .text.__initialize_args
                0x080001f8       0x10 ./system/src/newlib/_syscalls.o
                0x080001f8                __initialize_args
 .text.__initialize_hardware
                0x08000208        0x8 ./system/src/cortexm/_initialize_hardware.o
                0x08000208                __initialize_hardware
 .text.SetSysClock
                0x08000210       0xb4 ./system/src/cmsis/system_stm32f0xx.o
 .text.SystemInit
                0x080002c4       0x64 ./system/src/cmsis/system_stm32f0xx.o
                0x080002c4                SystemInit
 .text          0x08000328       0x30 ./src/main.o
                0x08000328                main
 *(.rodata .rodata.*)
 *(vtable)
 *(.eh_frame*)
 *(.glue_7)
 .glue_7        0x00000000        0x0 linker stubs
 *(.glue_7t)
 .glue_7t       0x00000000        0x0 linker stubs

.vfp11_veneer   0x08000358        0x0
 .vfp11_veneer  0x00000000        0x0 linker stubs

.v4_bx          0x08000358        0x0
 .v4_bx         0x00000000        0x0 linker stubs

.iplt           0x08000358        0x0
 .iplt          0x00000000        0x0 ./system/src/stm32f0-stdperiph/stm32f0xx_gpio.o

.rel.dyn        0x08000358        0x0
 .rel.iplt      0x00000000        0x0 ./system/src/stm32f0-stdperiph/stm32f0xx_gpio.o

.ARM.extab
 *(.ARM.extab* .gnu.linkonce.armextab.*)
                0x08000358                __exidx_start = .

.ARM.exidx
 *(.ARM.exidx* .gnu.linkonce.armexidx.*)
                0x08000358                __exidx_end = .
                0x08000358                . = ALIGN (0x4)
                0x08000358                _etext = .
                0x08000358                __etext = .
                0x08000358                _sidata = _etext

.data           0x20000000       0x74 load address 0x08000358
                0x20000000                . = ALIGN (0x4)
                0x20000000                _sdata = .
                0x20000000                __data_start__ = .
 *(.data_begin .data_begin.*)
 .data_begin    0x20000000        0x4 ./system/src/newlib/_startup.o
 *(.data .data.*)
 .data.argv.4461
                0x20000004        0x8 ./system/src/newlib/_syscalls.o
 *fill*         0x2000000c        0x4 
 .data          0x20000010       0x60 ./src/main.o
 *(.data_end .data_end.*)
 .data_end      0x20000070        0x4 ./system/src/newlib/_startup.o
                0x20000074                . = ALIGN (0x4)
                0x20000074                _edata = .
                0x20000074                __data_end__ = .

.igot.plt       0x20000074        0x0 load address 0x080003cc
 .igot.plt      0x00000000        0x0 ./system/src/stm32f0-stdperiph/stm32f0xx_gpio.o

.bss            0x20000074        0xc load address 0x080003cc
                0x20000074                . = ALIGN (0x4)
                0x20000074                __bss_start__ = .
                0x20000074                _sbss = .
 *(.bss_begin .bss_begin.*)
 .bss_begin     0x20000074        0x4 ./system/src/newlib/_startup.o
 *(.bss .bss.*)
 .bss.name.4460
                0x20000078        0x4 ./system/src/newlib/_syscalls.o
 *(COMMON)
 *(.bss_end .bss_end.*)
 .bss_end       0x2000007c        0x4 ./system/src/newlib/_startup.o
                0x20000080                . = ALIGN (0x4)
                0x20000080                __bss_end__ = .
                0x20000080                _ebss = .

.noinit         0x20000080        0x0
                0x20000080                . = ALIGN (0x4)
                0x20000080                _noinit = .
 *(.noinit .noinit.*)
                0x20000080                . = ALIGN (0x4)
                0x20000080                _end_noinit = .
                0x20000080                PROVIDE (end, _end_noinit)
                0x20000080                PROVIDE (_end, _end_noinit)
                0x20000080                PROVIDE (__end, _end_noinit)
                0x20000080                PROVIDE (__end__, _end_noinit)

._check_stack   0x20000080      0x100 load address 0x080003d8
                0x20000080                . = ALIGN (0x4)
                0x20000180                . = (. + _Minimum_Stack_Size)
 *fill*         0x20000080      0x100 
                0x20000180                . = ALIGN (0x4)

.bss_CCMRAM
 *(.bss.CCMRAM .bss.CCMRAM.*)

.b1text
 *(.b1text)
 *(.b1rodata)
 *(.b1rodata.*)

.eb0text
 *(.eb0text)
 *(.eb0rodata)
 *(.eb0rodata.*)

.eb1text
 *(.eb1text)
 *(.eb1rodata)
 *(.eb1rodata.*)

.eb2text
 *(.eb2text)
 *(.eb2rodata)
 *(.eb2rodata.*)

.eb3text
 *(.eb3text)
 *(.eb3rodata)
 *(.eb3rodata.*)

.stab
 *(.stab)

.stabstr
 *(.stabstr)

.stab.excl
 *(.stab.excl)

.stab.exclstr
 *(.stab.exclstr)

.stab.index
 *(.stab.index)

.stab.indexstr
 *(.stab.indexstr)

.comment        0x00000000       0x70
 *(.comment)
 .comment       0x00000000       0x70 ./system/src/newlib/_exit.o
                                 0x71 (size before relaxing)
 .comment       0x00000000       0x71 ./system/src/newlib/_startup.o
 .comment       0x00000000       0x71 ./system/src/newlib/_syscalls.o
 .comment       0x00000000       0x71 ./system/src/cortexm/_initialize_hardware.o
 .comment       0x00000000       0x71 ./system/src/cortexm/exception_handlers.o
 .comment       0x00000000       0x71 ./system/src/cmsis/system_stm32f0xx.o
 .comment       0x00000000       0x71 ./system/src/cmsis/vectors_stm32f0xx.o

.ARM.attributes
                0x00000000       0x2f
 .ARM.attributes
                0x00000000       0x31 ./system/src/newlib/_exit.o
 .ARM.attributes
                0x00000031       0x31 ./system/src/newlib/_startup.o
 .ARM.attributes
                0x00000062       0x31 ./system/src/newlib/_syscalls.o
 .ARM.attributes
                0x00000093       0x31 ./system/src/cortexm/_initialize_hardware.o
 .ARM.attributes
                0x000000c4       0x31 ./system/src/cortexm/exception_handlers.o
 .ARM.attributes
                0x000000f5       0x31 ./system/src/cmsis/system_stm32f0xx.o
 .ARM.attributes
                0x00000126       0x31 ./system/src/cmsis/vectors_stm32f0xx.o
 .ARM.attributes
                0x00000157       0x21 ./src/main.o

.debug
 *(.debug)

.line
 *(.line)

.debug_srcinfo
 *(.debug_srcinfo)

.debug_sfnames
 *(.debug_sfnames)

.debug_aranges  0x00000000      0x210
 *(.debug_aranges)
 .debug_aranges
                0x00000000       0x28 ./system/src/newlib/_exit.o
 .debug_aranges
                0x00000028       0x40 ./system/src/newlib/_startup.o
 .debug_aranges
                0x00000068       0xd0 ./system/src/newlib/_syscalls.o
 .debug_aranges
                0x00000138       0x20 ./system/src/cortexm/_initialize_hardware.o
 .debug_aranges
                0x00000158       0x48 ./system/src/cortexm/exception_handlers.o
 .debug_aranges
                0x000001a0       0x30 ./system/src/cmsis/system_stm32f0xx.o
 .debug_aranges
                0x000001d0       0x20 ./system/src/cmsis/vectors_stm32f0xx.o
 .debug_aranges
                0x000001f0       0x20 ./src/main.o

.debug_pubnames
 *(.debug_pubnames)

.debug_info     0x00000000     0x138a
 *(.debug_info .gnu.linkonce.wi.*)
 .debug_info    0x00000000       0xee ./system/src/newlib/_exit.o
 .debug_info    0x000000ee      0x469 ./system/src/newlib/_startup.o
 .debug_info    0x00000557      0x8f3 ./system/src/newlib/_syscalls.o
 .debug_info    0x00000e4a       0x9d ./system/src/cortexm/_initialize_hardware.o
 .debug_info    0x00000ee7       0xa5 ./system/src/cortexm/exception_handlers.o
 .debug_info    0x00000f8c      0x309 ./system/src/cmsis/system_stm32f0xx.o
 .debug_info    0x00001295       0x92 ./system/src/cmsis/vectors_stm32f0xx.o
 .debug_info    0x00001327       0x63 ./src/main.o

.debug_abbrev   0x00000000      0x6bd
 *(.debug_abbrev)
 .debug_abbrev  0x00000000       0xb7 ./system/src/newlib/_exit.o
 .debug_abbrev  0x000000b7      0x1da ./system/src/newlib/_startup.o
 .debug_abbrev  0x00000291      0x178 ./system/src/newlib/_syscalls.o
 .debug_abbrev  0x00000409       0x63 ./system/src/cortexm/_initialize_hardware.o
 .debug_abbrev  0x0000046c       0x65 ./system/src/cortexm/exception_handlers.o
 .debug_abbrev  0x000004d1      0x146 ./system/src/cmsis/system_stm32f0xx.o
 .debug_abbrev  0x00000617       0x92 ./system/src/cmsis/vectors_stm32f0xx.o
 .debug_abbrev  0x000006a9       0x14 ./src/main.o

.debug_line     0x00000000     0x1423
 *(.debug_line)
 .debug_line    0x00000000      0x271 ./system/src/newlib/_exit.o
 .debug_line    0x00000271      0x2e7 ./system/src/newlib/_startup.o
 .debug_line    0x00000558      0x495 ./system/src/newlib/_syscalls.o
 .debug_line    0x000009ed      0x438 ./system/src/cortexm/_initialize_hardware.o
 .debug_line    0x00000e25       0x97 ./system/src/cortexm/exception_handlers.o
 .debug_line    0x00000ebc      0x489 ./system/src/cmsis/system_stm32f0xx.o
 .debug_line    0x00001345       0x89 ./system/src/cmsis/vectors_stm32f0xx.o
 .debug_line    0x000013ce       0x55 ./src/main.o

.debug_frame    0x00000000      0x400
 *(.debug_frame)
 .debug_frame   0x00000000       0x38 ./system/src/newlib/_exit.o
 .debug_frame   0x00000038       0x84 ./system/src/newlib/_startup.o
 .debug_frame   0x000000bc      0x230 ./system/src/newlib/_syscalls.o
 .debug_frame   0x000002ec       0x28 ./system/src/cortexm/_initialize_hardware.o
 .debug_frame   0x00000314       0x78 ./system/src/cortexm/exception_handlers.o
 .debug_frame   0x0000038c       0x54 ./system/src/cmsis/system_stm32f0xx.o
 .debug_frame   0x000003e0       0x20 ./system/src/cmsis/vectors_stm32f0xx.o

.debug_str      0x00000000    0x42b13
 *(.debug_str)
 .debug_str     0x00000000     0x4c9a ./system/src/newlib/_exit.o
                               0x4da9 (size before relaxing)
 .debug_str     0x00004c9a      0xa72 ./system/src/newlib/_startup.o
                               0x3dcf (size before relaxing)
 .debug_str     0x0000570c     0x12be ./system/src/newlib/_syscalls.o
                               0x521e (size before relaxing)
 .debug_str     0x000069ca    0x3bf20 ./system/src/cortexm/_initialize_hardware.o
                              0x3ed21 (size before relaxing)
 .debug_str     0x000428ea       0xa1 ./system/src/cortexm/exception_handlers.o
                               0x23a4 (size before relaxing)
 .debug_str     0x0004298b      0x132 ./system/src/cmsis/system_stm32f0xx.o
                              0x3ee21 (size before relaxing)
 .debug_str     0x00042abd       0x56 ./system/src/cmsis/vectors_stm32f0xx.o
                               0x2387 (size before relaxing)

.debug_loc      0x00000000      0x890
 *(.debug_loc)
 .debug_loc     0x00000000      0x265 ./system/src/newlib/_startup.o
 .debug_loc     0x00000265      0x549 ./system/src/newlib/_syscalls.o
 .debug_loc     0x000007ae       0xe2 ./system/src/cmsis/system_stm32f0xx.o

.debug_macinfo
 *(.debug_macinfo)

.debug_weaknames
 *(.debug_weaknames)

.debug_funcnames
 *(.debug_funcnames)

.debug_typenames
 *(.debug_typenames)

.debug_varnames
 *(.debug_varnames)
OUTPUT(lab1bs.elf elf32-littlearm)

.debug_ranges   0x00000000      0x198
 .debug_ranges  0x00000000       0x18 ./system/src/newlib/_exit.o
 .debug_ranges  0x00000018       0x48 ./system/src/newlib/_startup.o
 .debug_ranges  0x00000060       0xc0 ./system/src/newlib/_syscalls.o
 .debug_ranges  0x00000120       0x10 ./system/src/cortexm/_initialize_hardware.o
 .debug_ranges  0x00000130       0x38 ./system/src/cortexm/exception_handlers.o
 .debug_ranges  0x00000168       0x20 ./system/src/cmsis/system_stm32f0xx.o
 .debug_ranges  0x00000188       0x10 ./system/src/cmsis/vectors_stm32f0xx.o

.debug_macro    0x00000000      0xd94
 .debug_macro   0x00000000      0x11b ./system/src/newlib/_exit.o
 .debug_macro   0x0000011b       0xa3 ./system/src/newlib/_exit.o
 .debug_macro   0x000001be      0x10e ./system/src/newlib/_exit.o
 .debug_macro   0x000002cc       0x86 ./system/src/newlib/_exit.o
 .debug_macro   0x00000352       0x43 ./system/src/newlib/_exit.o
 .debug_macro   0x00000395       0x10 ./system/src/newlib/_exit.o
 .debug_macro   0x000003a5       0x35 ./system/src/newlib/_exit.o
 .debug_macro   0x000003da       0xe7 ./system/src/newlib/_startup.o
 .debug_macro   0x000004c1      0x169 ./system/src/newlib/_syscalls.o
 .debug_macro   0x0000062a       0x1c ./system/src/newlib/_syscalls.o
 .debug_macro   0x00000646       0x10 ./system/src/newlib/_syscalls.o
 .debug_macro   0x00000656       0x10 ./system/src/newlib/_syscalls.o
 .debug_macro   0x00000666       0x10 ./system/src/newlib/_syscalls.o
 .debug_macro   0x00000676       0x35 ./system/src/newlib/_syscalls.o
 .debug_macro   0x000006ab      0x120 ./system/src/newlib/_syscalls.o
 .debug_macro   0x000007cb       0x22 ./system/src/newlib/_syscalls.o
 .debug_macro   0x000007ed       0x2b ./system/src/newlib/_syscalls.o
 .debug_macro   0x00000818      0x118 ./system/src/newlib/_syscalls.o
 .debug_macro   0x00000930      0x13a ./system/src/newlib/_syscalls.o
 .debug_macro   0x00000a6a       0x16 ./system/src/newlib/_syscalls.o
 .debug_macro   0x00000a80      0x174 ./system/src/cortexm/_initialize_hardware.o
 .debug_macro   0x00000bf4       0x1b ./system/src/cortexm/exception_handlers.o
 .debug_macro   0x00000c0f      0x16a ./system/src/cmsis/system_stm32f0xx.o
 .debug_macro   0x00000d79       0x1b ./system/src/cmsis/vectors_stm32f0xx.o
