Archive member included to satisfy reference by file (symbol)

c:/dev/gnu tools arm embedded/5.4 2016q3/bin/../lib/gcc/arm-none-eabi/5.4.1/armv6-m\libgcc.a(_udivsi3.o)
                              ./system/src/stm32f0-stdperiph/stm32f0xx_rcc.o (__aeabi_uidiv)
c:/dev/gnu tools arm embedded/5.4 2016q3/bin/../lib/gcc/arm-none-eabi/5.4.1/armv6-m\libgcc.a(_dvmd_tls.o)
                              c:/dev/gnu tools arm embedded/5.4 2016q3/bin/../lib/gcc/arm-none-eabi/5.4.1/armv6-m\libgcc.a(_udivsi3.o) (__aeabi_idiv0)
c:/dev/gnu tools arm embedded/5.4 2016q3/bin/../lib/gcc/arm-none-eabi/5.4.1/../../../../arm-none-eabi/lib/armv6-m\libg_nano.a(lib_a-errno.o)
                              ./system/src/newlib/_sbrk.o (__errno)
c:/dev/gnu tools arm embedded/5.4 2016q3/bin/../lib/gcc/arm-none-eabi/5.4.1/../../../../arm-none-eabi/lib/armv6-m\libg_nano.a(lib_a-impure.o)
                              c:/dev/gnu tools arm embedded/5.4 2016q3/bin/../lib/gcc/arm-none-eabi/5.4.1/../../../../arm-none-eabi/lib/armv6-m\libg_nano.a(lib_a-errno.o) (_impure_ptr)

Allocating common symbols
Common symbol       size              file

errno               0x4               ./system/src/newlib/_syscalls.o

Discarded input sections

 .group         0x00000000        0x8 ./system/src/stm32f0-stdperiph/stm32f0xx_gpio.o
 .group         0x00000000        0x8 ./system/src/stm32f0-stdperiph/stm32f0xx_gpio.o
 .group         0x00000000        0x8 ./system/src/stm32f0-stdperiph/stm32f0xx_gpio.o
 .group         0x00000000        0x8 ./system/src/stm32f0-stdperiph/stm32f0xx_gpio.o
 .group         0x00000000        0x8 ./system/src/stm32f0-stdperiph/stm32f0xx_gpio.o
 .group         0x00000000        0x8 ./system/src/stm32f0-stdperiph/stm32f0xx_gpio.o
 .group         0x00000000        0x8 ./system/src/stm32f0-stdperiph/stm32f0xx_gpio.o
 .group         0x00000000        0x8 ./system/src/stm32f0-stdperiph/stm32f0xx_gpio.o
 .group         0x00000000        0x8 ./system/src/stm32f0-stdperiph/stm32f0xx_gpio.o
 .group         0x00000000        0x8 ./system/src/stm32f0-stdperiph/stm32f0xx_gpio.o
 .group         0x00000000        0x8 ./system/src/stm32f0-stdperiph/stm32f0xx_gpio.o
 .group         0x00000000        0x8 ./system/src/stm32f0-stdperiph/stm32f0xx_gpio.o
 .group         0x00000000        0x8 ./system/src/stm32f0-stdperiph/stm32f0xx_gpio.o
 .group         0x00000000        0x8 ./system/src/stm32f0-stdperiph/stm32f0xx_gpio.o
 .group         0x00000000        0x8 ./system/src/stm32f0-stdperiph/stm32f0xx_gpio.o
 .group         0x00000000        0x8 ./system/src/stm32f0-stdperiph/stm32f0xx_gpio.o
 .group         0x00000000        0x8 ./system/src/stm32f0-stdperiph/stm32f0xx_gpio.o
 .group         0x00000000        0x8 ./system/src/stm32f0-stdperiph/stm32f0xx_gpio.o
 .group         0x00000000        0x8 ./system/src/stm32f0-stdperiph/stm32f0xx_gpio.o
 .group         0x00000000        0x8 ./system/src/stm32f0-stdperiph/stm32f0xx_gpio.o
 .group         0x00000000        0x8 ./system/src/stm32f0-stdperiph/stm32f0xx_gpio.o
 .group         0x00000000        0x8 ./system/src/stm32f0-stdperiph/stm32f0xx_gpio.o
 .group         0x00000000        0x8 ./system/src/stm32f0-stdperiph/stm32f0xx_gpio.o
 .group         0x00000000        0x8 ./system/src/stm32f0-stdperiph/stm32f0xx_gpio.o
 .group         0x00000000        0x8 ./system/src/stm32f0-stdperiph/stm32f0xx_gpio.o
 .group         0x00000000        0x8 ./system/src/stm32f0-stdperiph/stm32f0xx_gpio.o
 .group         0x00000000        0x8 ./system/src/stm32f0-stdperiph/stm32f0xx_gpio.o
 .group         0x00000000        0x8 ./system/src/stm32f0-stdperiph/stm32f0xx_gpio.o
 .group         0x00000000        0x8 ./system/src/stm32f0-stdperiph/stm32f0xx_gpio.o
 .group         0x00000000        0x8 ./system/src/stm32f0-stdperiph/stm32f0xx_gpio.o
 .group         0x00000000        0x8 ./system/src/stm32f0-stdperiph/stm32f0xx_gpio.o
 .group         0x00000000        0x8 ./system/src/stm32f0-stdperiph/stm32f0xx_gpio.o
 .group         0x00000000        0x8 ./system/src/stm32f0-stdperiph/stm32f0xx_gpio.o
 .group         0x00000000        0x8 ./system/src/stm32f0-stdperiph/stm32f0xx_gpio.o
 .group         0x00000000        0x8 ./system/src/stm32f0-stdperiph/stm32f0xx_gpio.o
 .text          0x00000000        0x0 ./system/src/stm32f0-stdperiph/stm32f0xx_gpio.o
 .data          0x00000000        0x0 ./system/src/stm32f0-stdperiph/stm32f0xx_gpio.o
 .bss           0x00000000        0x0 ./system/src/stm32f0-stdperiph/stm32f0xx_gpio.o
 .text.GPIO_DeInit
                0x00000000       0xf4 ./system/src/stm32f0-stdperiph/stm32f0xx_gpio.o
 .text.GPIO_Init
                0x00000000      0x118 ./system/src/stm32f0-stdperiph/stm32f0xx_gpio.o
 .text.GPIO_StructInit
                0x00000000       0x18 ./system/src/stm32f0-stdperiph/stm32f0xx_gpio.o
 .text.GPIO_PinLockConfig
                0x00000000       0x58 ./system/src/stm32f0-stdperiph/stm32f0xx_gpio.o
 .text.GPIO_ReadInputDataBit
[...]
Memory Configuration

Name             Origin             Length             Attributes
RAM              0x20000000         0x00001800         xrw
CCMRAM           0x00000000         0x00000000         xrw
FLASH            0x08000000         0x00010000         xr
FLASHB1          0x00000000         0x00000000         xr
EXTMEMB0         0x00000000         0x00000000         xr
EXTMEMB1         0x00000000         0x00000000         xr
EXTMEMB2         0x00000000         0x00000000         xr
EXTMEMB3         0x00000000         0x00000000         xr
MEMORY_ARRAY     0x00000000         0x00000000         xrw
*default*        0x00000000         0xffffffff

Linker script and memory map

LOAD ./system/src/stm32f0-stdperiph/stm32f0xx_gpio.o
LOAD ./system/src/stm32f0-stdperiph/stm32f0xx_rcc.o
LOAD ./system/src/newlib/_cxx.o
LOAD ./system/src/newlib/_exit.o
LOAD ./system/src/newlib/_sbrk.o
LOAD ./system/src/newlib/_startup.o
LOAD ./system/src/newlib/_syscalls.o
LOAD ./system/src/newlib/_write.o
LOAD ./system/src/newlib/assert.o
LOAD ./system/src/diag/Trace.o
LOAD ./system/src/diag/trace_impl.o
LOAD ./system/src/cortexm/_initialize_hardware.o
LOAD ./system/src/cortexm/_reset_hardware.o
LOAD ./system/src/cortexm/exception_handlers.o
LOAD ./system/src/cmsis/system_stm32f0xx.o
LOAD ./system/src/cmsis/vectors_stm32f0xx.o
LOAD ./src/main.o
LOAD ./src/stackSim_FA.o
LOAD c:/dev/gnu tools arm embedded/5.4 2016q3/bin/../lib/gcc/arm-none-eabi/5.4.1/../../../../arm-none-eabi/lib/armv6-m\libstdc++_nano.a
LOAD c:/dev/gnu tools arm embedded/5.4 2016q3/bin/../lib/gcc/arm-none-eabi/5.4.1/../../../../arm-none-eabi/lib/armv6-m\libm.a
START GROUP
LOAD c:/dev/gnu tools arm embedded/5.4 2016q3/bin/../lib/gcc/arm-none-eabi/5.4.1/armv6-m\libgcc.a
LOAD c:/dev/gnu tools arm embedded/5.4 2016q3/bin/../lib/gcc/arm-none-eabi/5.4.1/../../../../arm-none-eabi/lib/armv6-m\libg_nano.a
LOAD c:/dev/gnu tools arm embedded/5.4 2016q3/bin/../lib/gcc/arm-none-eabi/5.4.1/../../../../arm-none-eabi/lib/armv6-m\libc_nano.a
END GROUP
START GROUP
LOAD c:/dev/gnu tools arm embedded/5.4 2016q3/bin/../lib/gcc/arm-none-eabi/5.4.1/armv6-m\libgcc.a
LOAD c:/dev/gnu tools arm embedded/5.4 2016q3/bin/../lib/gcc/arm-none-eabi/5.4.1/../../../../arm-none-eabi/lib/armv6-m\libc_nano.a
END GROUP
                0x20001800                __stack = (ORIGIN (RAM) + LENGTH (RAM))
                0x20001800                _estack = __stack
                0x00000400                __Main_Stack_Size = 0x400
                [!provide]                PROVIDE (_Main_Stack_Size, __Main_Stack_Size)
                0x20001400                __Main_Stack_Limit = (__stack - __Main_Stack_Size)
                [!provide]                PROVIDE (_Main_Stack_Limit, __Main_Stack_Limit)
                0x00000100                _Minimum_Stack_Size = 0x100
                0x20000070                PROVIDE (_Heap_Begin, _end_noinit)
                0x20001400                PROVIDE (_Heap_Limit, (__stack - __Main_Stack_Size))

.isr_vector     0x08000000      0x1f4
                0x08000000                . = ALIGN (0x4)
 *(.isr_vector)
 .isr_vector    0x08000000       0xc4 ./system/src/cmsis/vectors_stm32f0xx.o
                0x08000000                g_pfnVectors
 *(.cfmconfig)
 *(.after_vectors .after_vectors.*)
 .after_vectors
                0x080000c4      0x110 ./system/src/newlib/_startup.o
                0x080000c4                _start
 .after_vectors
                0x080001d4       0x1c ./system/src/cortexm/exception_handlers.o
                0x080001d4                Reset_Handler
                0x080001dc                NMI_Handler
                0x080001e0                HardFault_Handler
                0x080001e4                SVC_Handler
                0x080001e8                PendSV_Handler
                0x080001ec                SysTick_Handler
 .after_vectors
                0x080001f0        0x4 ./system/src/cmsis/vectors_stm32f0xx.o
                0x080001f0                TIM1_CC_IRQHandler
                0x080001f0                TSC_IRQHandler
                0x080001f0                ADC1_COMP_IRQHandler
                0x080001f0                PVD_IRQHandler
                0x080001f0                I2C1_IRQHandler
                0x080001f0                RCC_CRS_IRQHandler
                0x080001f0                SPI1_IRQHandler
                0x080001f0                TIM6_DAC_IRQHandler
                0x080001f0                USART3_4_IRQHandler
                0x080001f0                EXTI2_3_IRQHandler
                0x080001f0                ADC1_IRQHandler
                0x080001f0                I2C2_IRQHandler
                0x080001f0                TIM17_IRQHandler
                0x080001f0                CEC_CAN_IRQHandler
                0x080001f0                RTC_IRQHandler
                0x080001f0                PVD_VDDIO2_IRQHandler
                0x080001f0                DMA1_Channel4_5_6_7_IRQHandler
                0x080001f0                TIM16_IRQHandler
                0x080001f0                TIM3_IRQHandler
                0x080001f0                RCC_IRQHandler
                0x080001f0                EXTI4_15_IRQHandler
                0x080001f0                DMA1_Channel1_IRQHandler
                0x080001f0                Default_Handler
                0x080001f0                CEC_IRQHandler
                0x080001f0                TIM14_IRQHandler
                0x080001f0                DMA1_Channel4_5_IRQHandler
                0x080001f0                TIM7_IRQHandler
                0x080001f0                TIM15_IRQHandler
                0x080001f0                EXTI0_1_IRQHandler
                0x080001f0                USB_IRQHandler
                0x080001f0                SPI2_IRQHandler
                0x080001f0                TS_IRQHandler
                0x080001f0                WWDG_IRQHandler
                0x080001f0                TIM2_IRQHandler
                0x080001f0                DMA1_Channel2_3_IRQHandler
                0x080001f0                USART2_IRQHandler
                0x080001f0                FLASH_IRQHandler
                0x080001f0                USART1_IRQHandler
                0x080001f0                TIM1_BRK_UP_TRG_COM_IRQHandler
                0x080001f4                . = ALIGN (0x4)

.inits          0x080001f4        0x0
                0x080001f4                . = ALIGN (0x4)
 *(.init)
 *(.fini)
                0x080001f4                . = ALIGN (0x4)
                0x080001f4                PROVIDE (__preinit_array_start, .)
 *(.preinit_array_sysinit .preinit_array_sysinit.*)
 *(.preinit_array_platform .preinit_array_platform.*)
 *(.preinit_array .preinit_array.*)
                0x080001f4                PROVIDE (__preinit_array_end, .)
                0x080001f4                . = ALIGN (0x4)
                0x080001f4                PROVIDE (__init_array_start, .)
 *(SORT(.init_array.*))
 *(.init_array)
                0x080001f4                PROVIDE (__init_array_end, .)
                0x080001f4                . = ALIGN (0x4)
                0x080001f4                PROVIDE (__fini_array_start, .)
 *(SORT(.fini_array.*))
 *(.fini_array)
                0x080001f4                PROVIDE (__fini_array_end, .)
                0x080001f4                . = ALIGN (0x4)

.flashtext      0x080001f4        0x0
                0x080001f4                . = ALIGN (0x4)
 *(.flashtext .flashtext.*)
                0x080001f4                . = ALIGN (0x4)

.text           0x080001f4      0x184
                0x080001f4                . = ALIGN (0x4)
 *(.text .text.*)
 .text._exit    0x080001f4        0x4 ./system/src/newlib/_exit.o
                0x080001f4                _exit
 .text.__initialize_args
                0x080001f8       0x10 ./system/src/newlib/_syscalls.o
                0x080001f8                __initialize_args
 .text.__initialize_hardware
                0x08000208        0x8 ./system/src/cortexm/_initialize_hardware.o
                0x08000208                __initialize_hardware
 .text.SetSysClock
                0x08000210       0xb0 ./system/src/cmsis/system_stm32f0xx.o
 .text.SystemInit
                0x080002c0       0x64 ./system/src/cmsis/system_stm32f0xx.o
                0x080002c0                SystemInit
 .text          0x08000324       0x44 ./src/main.o
                0x08000324                main
 .text          0x08000368       0x10 ./src/stackSim_FA.o
                0x08000368                stackSim_FA_PUSH
                0x08000370                stackSim_FA_POP
 *(.rodata .rodata.*)
 *(vtable)
 *(.eh_frame*)
 *(.glue_7)
 .glue_7        0x08000378        0x0 linker stubs
 *(.glue_7t)
 .glue_7t       0x08000378        0x0 linker stubs

.vfp11_veneer   0x08000378        0x0
 .vfp11_veneer  0x08000378        0x0 linker stubs

.v4_bx          0x08000378        0x0
 .v4_bx         0x08000378        0x0 linker stubs

.iplt           0x08000378        0x0
 .iplt          0x08000378        0x0 ./system/src/stm32f0-stdperiph/stm32f0xx_gpio.o

.rel.dyn        0x08000378        0x0
 .rel.iplt      0x08000378        0x0 ./system/src/stm32f0-stdperiph/stm32f0xx_gpio.o

.ARM.extab
 *(.ARM.extab* .gnu.linkonce.armextab.*)
                0x08000378                __exidx_start = .

.ARM.exidx
 *(.ARM.exidx* .gnu.linkonce.armexidx.*)
                0x08000378                __exidx_end = .
                0x08000378                . = ALIGN (0x4)
                0x08000378                _etext = .
                0x08000378                __etext = .
                0x08000378                _sidata = _etext

.data           0x20000000       0x64 load address 0x08000378
                0x20000000                . = ALIGN (0x4)
                0x20000000                _sdata = .
                0x20000000                __data_start__ = .
 *(.data_begin .data_begin.*)
 .data_begin    0x20000000        0x4 ./system/src/newlib/_startup.o
 *(.data .data.*)
 .data.argv.4769
                0x20000004        0x8 ./system/src/newlib/_syscalls.o
 *fill*         0x2000000c        0x4 
 .data          0x20000010       0x50 ./src/main.o
 *(.data_end .data_end.*)
 .data_end      0x20000060        0x4 ./system/src/newlib/_startup.o
                0x20000064                . = ALIGN (0x4)
                0x20000064                _edata = .
                0x20000064                __data_end__ = .

.igot.plt       0x20000064        0x0 load address 0x080003dc
 .igot.plt      0x20000064        0x0 ./system/src/stm32f0-stdperiph/stm32f0xx_gpio.o

.bss            0x20000064        0xc load address 0x080003dc
                0x20000064                . = ALIGN (0x4)
                0x20000064                __bss_start__ = .
                0x20000064                _sbss = .
 *(.bss_begin .bss_begin.*)
 .bss_begin     0x20000064        0x4 ./system/src/newlib/_startup.o
 *(.bss .bss.*)
 .bss.name.4768
                0x20000068        0x1 ./system/src/newlib/_syscalls.o
 *(COMMON)
 *(.bss_end .bss_end.*)
 *fill*         0x20000069        0x3 
 .bss_end       0x2000006c        0x4 ./system/src/newlib/_startup.o
                0x20000070                . = ALIGN (0x4)
                0x20000070                __bss_end__ = .
                0x20000070                _ebss = .

.noinit         0x20000070        0x0
                0x20000070                . = ALIGN (0x4)
                0x20000070                _noinit = .
 *(.noinit .noinit.*)
                0x20000070                . = ALIGN (0x4)
                0x20000070                _end_noinit = .
                [!provide]                PROVIDE (end, _end_noinit)
                [!provide]                PROVIDE (_end, _end_noinit)
                [!provide]                PROVIDE (__end, _end_noinit)
                [!provide]                PROVIDE (__end__, _end_noinit)

._check_stack   0x20000070      0x100 load address 0x080003e8
                0x20000070                . = ALIGN (0x4)
                0x20000170                . = (. + _Minimum_Stack_Size)
 *fill*         0x20000070      0x100 
                0x20000170                . = ALIGN (0x4)

.bss_CCMRAM
 *(.bss.CCMRAM .bss.CCMRAM.*)

.b1text
 *(.b1text)
 *(.b1rodata)
 *(.b1rodata.*)

.eb0text
 *(.eb0text)
 *(.eb0rodata)
 *(.eb0rodata.*)

.eb1text
 *(.eb1text)
 *(.eb1rodata)
 *(.eb1rodata.*)

.eb2text
 *(.eb2text)
 *(.eb2rodata)
 *(.eb2rodata.*)

.eb3text
 *(.eb3text)
 *(.eb3rodata)
 *(.eb3rodata.*)

.stab
 *(.stab)

.stabstr
 *(.stabstr)

.stab.excl
 *(.stab.excl)

.stab.exclstr
 *(.stab.exclstr)

.stab.index
 *(.stab.index)

.stab.indexstr
 *(.stab.indexstr)

.comment        0x00000000       0x6e
 *(.comment)
 .comment       0x00000000       0x6e ./system/src/newlib/_exit.o
                                 0x6f (size before relaxing)
 .comment       0x0000006e       0x6f ./system/src/newlib/_startup.o
 .comment       0x0000006e       0x6f ./system/src/newlib/_syscalls.o
 .comment       0x0000006e       0x6f ./system/src/cortexm/_initialize_hardware.o
 .comment       0x0000006e       0x6f ./system/src/cortexm/exception_handlers.o
 .comment       0x0000006e       0x6f ./system/src/cmsis/system_stm32f0xx.o
 .comment       0x0000006e       0x6f ./system/src/cmsis/vectors_stm32f0xx.o

.ARM.attributes
                0x00000000       0x2f
 .ARM.attributes
                0x00000000       0x31 ./system/src/newlib/_exit.o
 .ARM.attributes
                0x00000031       0x31 ./system/src/newlib/_startup.o
 .ARM.attributes
                0x00000062       0x31 ./system/src/newlib/_syscalls.o
 .ARM.attributes
                0x00000093       0x31 ./system/src/cortexm/_initialize_hardware.o
 .ARM.attributes
                0x000000c4       0x31 ./system/src/cortexm/exception_handlers.o
 .ARM.attributes
                0x000000f5       0x31 ./system/src/cmsis/system_stm32f0xx.o
 .ARM.attributes
                0x00000126       0x31 ./system/src/cmsis/vectors_stm32f0xx.o
 .ARM.attributes
                0x00000157       0x21 ./src/main.o
 .ARM.attributes
                0x00000178       0x21 ./src/stackSim_FA.o

.debug
 *(.debug)

.line
 *(.line)

.debug_srcinfo
 *(.debug_srcinfo)

.debug_sfnames
 *(.debug_sfnames)

.debug_aranges  0x00000000      0x230
 *(.debug_aranges)
 .debug_aranges
                0x00000000       0x28 ./system/src/newlib/_exit.o
 .debug_aranges
                0x00000028       0x40 ./system/src/newlib/_startup.o
 .debug_aranges
                0x00000068       0xd0 ./system/src/newlib/_syscalls.o
 .debug_aranges
                0x00000138       0x20 ./system/src/cortexm/_initialize_hardware.o
 .debug_aranges
                0x00000158       0x48 ./system/src/cortexm/exception_handlers.o
 .debug_aranges
                0x000001a0       0x30 ./system/src/cmsis/system_stm32f0xx.o
 .debug_aranges
                0x000001d0       0x20 ./system/src/cmsis/vectors_stm32f0xx.o
 .debug_aranges
                0x000001f0       0x20 ./src/main.o
 .debug_aranges
                0x00000210       0x20 ./src/stackSim_FA.o

.debug_pubnames
 *(.debug_pubnames)

.debug_info     0x00000000     0x1472
 *(.debug_info .gnu.linkonce.wi.*)
 .debug_info    0x00000000       0xee ./system/src/newlib/_exit.o
 .debug_info    0x000000ee      0x445 ./system/src/newlib/_startup.o
 .debug_info    0x00000533      0x96b ./system/src/newlib/_syscalls.o
 .debug_info    0x00000e9e       0xa1 ./system/src/cortexm/_initialize_hardware.o
 .debug_info    0x00000f3f       0xa9 ./system/src/cortexm/exception_handlers.o
 .debug_info    0x00000fe8      0x317 ./system/src/cmsis/system_stm32f0xx.o
 .debug_info    0x000012ff       0x92 ./system/src/cmsis/vectors_stm32f0xx.o
 .debug_info    0x00001391       0x6d ./src/main.o
 .debug_info    0x000013fe       0x74 ./src/stackSim_FA.o

.debug_abbrev   0x00000000      0x690
 *(.debug_abbrev)
 .debug_abbrev  0x00000000       0xbd ./system/src/newlib/_exit.o
 .debug_abbrev  0x000000bd      0x19d ./system/src/newlib/_startup.o
 .debug_abbrev  0x0000025a      0x169 ./system/src/newlib/_syscalls.o
 .debug_abbrev  0x000003c3       0x63 ./system/src/cortexm/_initialize_hardware.o
 .debug_abbrev  0x00000426       0x68 ./system/src/cortexm/exception_handlers.o
 .debug_abbrev  0x0000048e      0x148 ./system/src/cmsis/system_stm32f0xx.o
 .debug_abbrev  0x000005d6       0x92 ./system/src/cmsis/vectors_stm32f0xx.o
 .debug_abbrev  0x00000668       0x14 ./src/main.o
 .debug_abbrev  0x0000067c       0x14 ./src/stackSim_FA.o

.debug_line     0x00000000     0x166a
 *(.debug_line)
 .debug_line    0x00000000      0x2fb ./system/src/newlib/_exit.o
 .debug_line    0x000002fb      0x36e ./system/src/newlib/_startup.o
 .debug_line    0x00000669      0x522 ./system/src/newlib/_syscalls.o
 .debug_line    0x00000b8b      0x467 ./system/src/cortexm/_initialize_hardware.o
 .debug_line    0x00000ff2       0x97 ./system/src/cortexm/exception_handlers.o
 .debug_line    0x00001089      0x4b7 ./system/src/cmsis/system_stm32f0xx.o
 .debug_line    0x00001540       0x89 ./system/src/cmsis/vectors_stm32f0xx.o
 .debug_line    0x000015c9       0x56 ./src/main.o
 .debug_line    0x0000161f       0x4b ./src/stackSim_FA.o

.debug_frame    0x00000000      0x3fc
 *(.debug_frame)
 .debug_frame   0x00000000       0x38 ./system/src/newlib/_exit.o
 .debug_frame   0x00000038       0x80 ./system/src/newlib/_startup.o
 .debug_frame   0x000000b8      0x230 ./system/src/newlib/_syscalls.o
 .debug_frame   0x000002e8       0x28 ./system/src/cortexm/_initialize_hardware.o
 .debug_frame   0x00000310       0x78 ./system/src/cortexm/exception_handlers.o
 .debug_frame   0x00000388       0x54 ./system/src/cmsis/system_stm32f0xx.o
 .debug_frame   0x000003dc       0x20 ./system/src/cmsis/vectors_stm32f0xx.o

.debug_str      0x00000000    0x44d65
 *(.debug_str)
 .debug_str     0x00000000     0x6b9e ./system/src/newlib/_exit.o
                               0x6d08 (size before relaxing)
 .debug_str     0x00006b9e      0xbc2 ./system/src/newlib/_startup.o
                               0x5c59 (size before relaxing)
 .debug_str     0x00007760     0x14bc ./system/src/newlib/_syscalls.o
                               0x71fc (size before relaxing)
 .debug_str     0x00008c1c    0x3bf20 ./system/src/cortexm/_initialize_hardware.o
                              0x3f167 (size before relaxing)
 .debug_str     0x00044b3c       0xa1 ./system/src/cortexm/exception_handlers.o
                               0x240e (size before relaxing)
 .debug_str     0x00044bdd      0x132 ./system/src/cmsis/system_stm32f0xx.o
                              0x3f267 (size before relaxing)
 .debug_str     0x00044d0f       0x56 ./system/src/cmsis/vectors_stm32f0xx.o
                               0x23f1 (size before relaxing)

.debug_loc      0x00000000      0x8cd
 *(.debug_loc)
 .debug_loc     0x00000000      0x265 ./system/src/newlib/_startup.o
 .debug_loc     0x00000265      0x549 ./system/src/newlib/_syscalls.o
 .debug_loc     0x000007ae      0x11f ./system/src/cmsis/system_stm32f0xx.o

.debug_macinfo
 *(.debug_macinfo)

.debug_weaknames
 *(.debug_weaknames)

.debug_funcnames
 *(.debug_funcnames)

.debug_typenames
 *(.debug_typenames)

.debug_varnames
 *(.debug_varnames)
OUTPUT(Lab3_Part1.elf elf32-littlearm)

.debug_ranges   0x00000000      0x198
 .debug_ranges  0x00000000       0x18 ./system/src/newlib/_exit.o
 .debug_ranges  0x00000018       0x48 ./system/src/newlib/_startup.o
 .debug_ranges  0x00000060       0xc0 ./system/src/newlib/_syscalls.o
 .debug_ranges  0x00000120       0x10 ./system/src/cortexm/_initialize_hardware.o
 .debug_ranges  0x00000130       0x38 ./system/src/cortexm/exception_handlers.o
 .debug_ranges  0x00000168       0x20 ./system/src/cmsis/system_stm32f0xx.o
 .debug_ranges  0x00000188       0x10 ./system/src/cmsis/vectors_stm32f0xx.o

.debug_macro    0x00000000     0x134c
 .debug_macro   0x00000000      0x19c ./system/src/newlib/_exit.o
 .debug_macro   0x0000019c       0x9c ./system/src/newlib/_exit.o
 .debug_macro   0x00000238      0x10e ./system/src/newlib/_exit.o
 .debug_macro   0x00000346       0x8d ./system/src/newlib/_exit.o
 .debug_macro   0x000003d3       0x43 ./system/src/newlib/_exit.o
 .debug_macro   0x00000416      0x30d ./system/src/newlib/_exit.o
 .debug_macro   0x00000723       0x35 ./system/src/newlib/_exit.o
 .debug_macro   0x00000758      0x170 ./system/src/newlib/_startup.o
 .debug_macro   0x000008c8       0x52 ./system/src/newlib/_startup.o
 .debug_macro   0x0000091a      0x1ff ./system/src/newlib/_syscalls.o
 .debug_macro   0x00000b19       0x1c ./system/src/newlib/_syscalls.o
 .debug_macro   0x00000b35       0x10 ./system/src/newlib/_syscalls.o
 .debug_macro   0x00000b45       0x10 ./system/src/newlib/_syscalls.o
 .debug_macro   0x00000b55       0x10 ./system/src/newlib/_syscalls.o
 .debug_macro   0x00000b65       0x35 ./system/src/newlib/_syscalls.o
 .debug_macro   0x00000b9a      0x122 ./system/src/newlib/_syscalls.o
 .debug_macro   0x00000cbc       0x88 ./system/src/newlib/_syscalls.o
 .debug_macro   0x00000d44       0x2b ./system/src/newlib/_syscalls.o
 .debug_macro   0x00000d6f      0x118 ./system/src/newlib/_syscalls.o
 .debug_macro   0x00000e87      0x159 ./system/src/newlib/_syscalls.o
 .debug_macro   0x00000fe0       0x16 ./system/src/newlib/_syscalls.o
 .debug_macro   0x00000ff6      0x195 ./system/src/cortexm/_initialize_hardware.o
 .debug_macro   0x0000118b       0x1b ./system/src/cortexm/exception_handlers.o
 .debug_macro   0x000011a6      0x18b ./system/src/cmsis/system_stm32f0xx.o
 .debug_macro   0x00001331       0x1b ./system/src/cmsis/vectors_stm32f0xx.o
